Archive member included to satisfy reference by file (symbol)

../../libDaisy//build\libdaisy.a(daisy_patch_sm.o)
                              build/TripleSaw.o (daisy::patch_sm::DaisyPatchSM::Init())
../../libDaisy//build\libdaisy.a(codec_pcm3060.o)
                              ../../libDaisy//build\libdaisy.a(daisy_patch_sm.o) (daisy::Pcm3060::Init(daisy::I2CHandle))
../../libDaisy//build\libdaisy.a(sdram.o)
                              ../../libDaisy//build\libdaisy.a(daisy_patch_sm.o) (SdramHandle::Init())
../../libDaisy//build\libdaisy.a(audio.o)
                              ../../libDaisy//build\libdaisy.a(daisy_patch_sm.o) (daisy::AudioHandle::Init(daisy::AudioHandle::Config const&, daisy::SaiHandle))
../../libDaisy//build\libdaisy.a(ctrl.o)
                              ../../libDaisy//build\libdaisy.a(daisy_patch_sm.o) (daisy::AnalogControl::Init(unsigned short*, float, bool, bool, float))
../../libDaisy//build\libdaisy.a(encoder.o)
                              build/TripleSaw.o (daisy::Encoder::Init(dsy_gpio_pin, dsy_gpio_pin, dsy_gpio_pin, float))
../../libDaisy//build\libdaisy.a(gatein.o)
                              ../../libDaisy//build\libdaisy.a(daisy_patch_sm.o) (daisy::GateIn::Init(daisy::Pin, bool))
../../libDaisy//build\libdaisy.a(parameter.o)
                              build/TripleSaw.o (daisy::Parameter::Init(daisy::AnalogControl, float, float, daisy::Parameter::Curve))
../../libDaisy//build\libdaisy.a(switch.o)
                              ../../libDaisy//build\libdaisy.a(encoder.o) (daisy::Switch::Init(dsy_gpio_pin, float))
../../libDaisy//build\libdaisy.a(adc.o)
                              ../../libDaisy//build\libdaisy.a(daisy_patch_sm.o) (daisy::AdcChannelConfig::InitSingle(dsy_gpio_pin, daisy::AdcChannelConfig::ConversionSpeed))
../../libDaisy//build\libdaisy.a(dac.o)
                              ../../libDaisy//build\libdaisy.a(daisy_patch_sm.o) (daisy::DacHandle::Init(daisy::DacHandle::Config const&))
../../libDaisy//build\libdaisy.a(gpio.o)
                              ../../libDaisy//build\libdaisy.a(gatein.o) (daisy::GPIO::Init(daisy::Pin, daisy::GPIO::Mode, daisy::GPIO::Pull, daisy::GPIO::Speed))
../../libDaisy//build\libdaisy.a(i2c.o)
                              ../../libDaisy//build\libdaisy.a(daisy_patch_sm.o) (daisy::I2CHandle::Init(daisy::I2CHandle::Config const&))
../../libDaisy//build\libdaisy.a(qspi.o)
                              ../../libDaisy//build\libdaisy.a(daisy_patch_sm.o) (daisy::QSPIHandle::Init(daisy::QSPIHandle::Config const&))
../../libDaisy//build\libdaisy.a(sai.o)
                              ../../libDaisy//build\libdaisy.a(daisy_patch_sm.o) (daisy::SaiHandle::Init(daisy::SaiHandle::Config const&))
../../libDaisy//build\libdaisy.a(spi.o)
                              build/TripleSaw.o (daisy::SpiHandle::Init(daisy::SpiHandle::Config const&))
../../libDaisy//build\libdaisy.a(system.o)
                              ../../libDaisy//build\libdaisy.a(encoder.o) (daisy::System::GetNow())
../../libDaisy//build\libdaisy.a(system_stm32h7xx.o)
                              build/startup_stm32h750xx.o (SystemInit)
../../libDaisy//build\libdaisy.a(usbd_conf.o)
                              ../../libDaisy//build\libdaisy.a(system.o) (hpcd_USB_OTG_HS)
../../libDaisy//build\libdaisy.a(usbh_conf.o)
                              ../../libDaisy//build\libdaisy.a(system.o) (hhcd_USB_OTG_HS)
../../libDaisy//build\libdaisy.a(hal_map.o)
                              ../../libDaisy//build\libdaisy.a(gpio.o) (dsy_hal_map_get_port)
../../libDaisy//build\libdaisy.a(oled_fonts.o)
                              build/TripleSaw.o (Font_11x18)
../../libDaisy//build\libdaisy.a(stm32h7xx_hal.o)
                              ../../libDaisy//build\libdaisy.a(system.o) (HAL_Init)
../../libDaisy//build\libdaisy.a(stm32h7xx_hal_adc.o)
                              ../../libDaisy//build\libdaisy.a(adc.o) (HAL_ADC_ConfigChannel)
../../libDaisy//build\libdaisy.a(stm32h7xx_hal_adc_ex.o)
                              ../../libDaisy//build\libdaisy.a(adc.o) (HAL_ADCEx_Calibration_Start)
../../libDaisy//build\libdaisy.a(stm32h7xx_hal_cortex.o)
                              ../../libDaisy//build\libdaisy.a(stm32h7xx_hal.o) (HAL_NVIC_SetPriorityGrouping)
../../libDaisy//build\libdaisy.a(stm32h7xx_hal_dac.o)
                              ../../libDaisy//build\libdaisy.a(dac.o) (HAL_DAC_Init)
../../libDaisy//build\libdaisy.a(stm32h7xx_hal_dac_ex.o)
                              ../../libDaisy//build\libdaisy.a(stm32h7xx_hal_dac.o) (HAL_DACEx_DMAUnderrunCallbackCh2)
../../libDaisy//build\libdaisy.a(stm32h7xx_hal_dma.o)
                              ../../libDaisy//build\libdaisy.a(adc.o) (HAL_DMA_Init)
../../libDaisy//build\libdaisy.a(stm32h7xx_hal_gpio.o)
                              ../../libDaisy//build\libdaisy.a(sdram.o) (HAL_GPIO_Init)
../../libDaisy//build\libdaisy.a(stm32h7xx_hal_hcd.o)
[...]
Memory Configuration

Name             Origin             Length             Attributes
FLASH            0x08000000         0x00020000         xr
DTCMRAM          0x20000000         0x00020000         xrw
SRAM             0x24000000         0x00080000         xrw
RAM_D2           0x30000000         0x00048000         xrw
RAM_D3           0x38000000         0x00010000         xrw
BACKUP_SRAM      0x38800000         0x00001000         xrw
ITCMRAM          0x00000000         0x00010000         xrw
SDRAM            0xc0000000         0x04000000         xrw
QSPIFLASH        0x90000000         0x00800000         xr
*default*        0x00000000         0xffffffff

Linker script and memory map

LOAD c:/program files/daisytoolchain/bin/../lib/gcc/arm-none-eabi/10.2.1/thumb/v7e-m+dp/hard/crti.o
LOAD c:/program files/daisytoolchain/bin/../lib/gcc/arm-none-eabi/10.2.1/thumb/v7e-m+dp/hard/crtbegin.o
LOAD c:/program files/daisytoolchain/bin/../lib/gcc/arm-none-eabi/10.2.1/../../../../arm-none-eabi/lib/thumb/v7e-m+dp/hard/crt0.o
LOAD build/startup_stm32h750xx.o
LOAD build/TripleSaw.o
LOAD ../../libDaisy//build\libdaisy.a
LOAD c:/program files/daisytoolchain/bin/../lib/gcc/arm-none-eabi/10.2.1/../../../../arm-none-eabi/lib/thumb/v7e-m+dp/hard\libnosys.a
LOAD ../../DaisySP//build\libdaisysp.a
LOAD c:/program files/daisytoolchain/bin/../lib/gcc/arm-none-eabi/10.2.1/../../../../arm-none-eabi/lib/thumb/v7e-m+dp/hard\libstdc++_nano.a
LOAD c:/program files/daisytoolchain/bin/../lib/gcc/arm-none-eabi/10.2.1/../../../../arm-none-eabi/lib/thumb/v7e-m+dp/hard\libm.a
LOAD c:/program files/daisytoolchain/bin/../lib/gcc/arm-none-eabi/10.2.1/../../../../arm-none-eabi/lib/thumb/v7e-m+dp/hard\libc_nano.a
START GROUP
LOAD c:/program files/daisytoolchain/bin/../lib/gcc/arm-none-eabi/10.2.1/thumb/v7e-m+dp/hard\libgcc.a
LOAD c:/program files/daisytoolchain/bin/../lib/gcc/arm-none-eabi/10.2.1/../../../../arm-none-eabi/lib/thumb/v7e-m+dp/hard\libc_nano.a
END GROUP
START GROUP
LOAD c:/program files/daisytoolchain/bin/../lib/gcc/arm-none-eabi/10.2.1/thumb/v7e-m+dp/hard\libgcc.a
LOAD c:/program files/daisytoolchain/bin/../lib/gcc/arm-none-eabi/10.2.1/../../../../arm-none-eabi/lib/thumb/v7e-m+dp/hard\libc_nano.a
LOAD c:/program files/daisytoolchain/bin/../lib/gcc/arm-none-eabi/10.2.1/../../../../arm-none-eabi/lib/thumb/v7e-m+dp/hard\libnosys.a
END GROUP
START GROUP
LOAD c:/program files/daisytoolchain/bin/../lib/gcc/arm-none-eabi/10.2.1/thumb/v7e-m+dp/hard\libgcc.a
LOAD c:/program files/daisytoolchain/bin/../lib/gcc/arm-none-eabi/10.2.1/../../../../arm-none-eabi/lib/thumb/v7e-m+dp/hard\libc_nano.a
LOAD c:/program files/daisytoolchain/bin/../lib/gcc/arm-none-eabi/10.2.1/../../../../arm-none-eabi/lib/thumb/v7e-m+dp/hard\libnosys.a
END GROUP
LOAD c:/program files/daisytoolchain/bin/../lib/gcc/arm-none-eabi/10.2.1/thumb/v7e-m+dp/hard/crtend.o
LOAD c:/program files/daisytoolchain/bin/../lib/gcc/arm-none-eabi/10.2.1/thumb/v7e-m+dp/hard/crtn.o
                0x20020000                _estack = 0x20020000

.isr_vector     0x08000000      0x298
                0x08000000                . = ALIGN (0x4)
 *(.isr_vector)
 .isr_vector    0x08000000      0x298 build/startup_stm32h750xx.o
                0x08000000                g_pfnVectors
                0x08000298                . = ALIGN (0x4)

.text           0x080002a0    0x17bdc
                0x080002a0                . = ALIGN (0x4)
                0x080002a0                _stext = .
 *(.text)
 .text          0x080002a0       0x40 c:/program files/daisytoolchain/bin/../lib/gcc/arm-none-eabi/10.2.1/thumb/v7e-m+dp/hard/crtbegin.o
 .text          0x080002e0       0xa0 c:/program files/daisytoolchain/bin/../lib/gcc/arm-none-eabi/10.2.1/../../../../arm-none-eabi/lib/thumb/v7e-m+dp/hard\libc_nano.a(lib_a-memchr.o)
                0x080002e0                memchr
 .text          0x08000380       0x10 c:/program files/daisytoolchain/bin/../lib/gcc/arm-none-eabi/10.2.1/../../../../arm-none-eabi/lib/thumb/v7e-m+dp/hard\libc_nano.a(lib_a-strlen.o)
                0x08000380                strlen
 .text          0x08000390      0x378 c:/program files/daisytoolchain/bin/../lib/gcc/arm-none-eabi/10.2.1/thumb/v7e-m+dp/hard\libgcc.a(_arm_addsubdf3.o)
                0x08000390                __aeabi_drsub
                0x08000398                __aeabi_dsub
                0x08000398                __subdf3
                0x0800039c                __aeabi_dadd
                0x0800039c                __adddf3
                0x08000614                __floatunsidf
                0x08000614                __aeabi_ui2d
                0x08000634                __floatsidf
                0x08000634                __aeabi_i2d
                0x08000658                __aeabi_f2d
                0x08000658                __extendsfdf2
                0x0800069c                __floatundidf
                0x0800069c                __aeabi_ul2d
                0x080006ac                __floatdidf
                0x080006ac                __aeabi_l2d
 .text          0x08000708       0x30 c:/program files/daisytoolchain/bin/../lib/gcc/arm-none-eabi/10.2.1/thumb/v7e-m+dp/hard\libgcc.a(_aeabi_uldivmod.o)
                0x08000708                __aeabi_uldivmod
 .text          0x08000738      0x2d0 c:/program files/daisytoolchain/bin/../lib/gcc/arm-none-eabi/10.2.1/thumb/v7e-m+dp/hard\libgcc.a(_udivmoddi4.o)
                0x08000738                __udivmoddi4
 .text          0x08000a08        0x4 c:/program files/daisytoolchain/bin/../lib/gcc/arm-none-eabi/10.2.1/thumb/v7e-m+dp/hard\libgcc.a(_dvmd_tls.o)
                0x08000a08                __aeabi_idiv0
                0x08000a08                __aeabi_ldiv0
 *(.text*)
 .text.Default_Handler
                0x08000a0c        0x4 build/startup_stm32h750xx.o
                0x08000a0c                RTC_Alarm_IRQHandler
                0x08000a0c                HASH_RNG_IRQHandler
                0x08000a0c                EXTI2_IRQHandler
                0x08000a0c                TIM8_CC_IRQHandler
                0x08000a0c                HRTIM1_Master_IRQHandler
                0x08000a0c                DebugMon_Handler
                0x08000a0c                TIM1_CC_IRQHandler
                0x08000a0c                BDMA_Channel6_IRQHandler
                0x08000a0c                DMA2_Stream5_IRQHandler
                0x08000a0c                HRTIM1_FLT_IRQHandler
                0x08000a0c                JPEG_IRQHandler
                0x08000a0c                BDMA_Channel1_IRQHandler
                0x08000a0c                HRTIM1_TIMD_IRQHandler
                0x08000a0c                TAMP_STAMP_IRQHandler
                0x08000a0c                PendSV_Handler
                0x08000a0c                NMI_Handler
                0x08000a0c                EXTI3_IRQHandler
                0x08000a0c                LPTIM4_IRQHandler
                0x08000a0c                TIM8_TRG_COM_TIM14_IRQHandler
                0x08000a0c                LPTIM2_IRQHandler
                0x08000a0c                DFSDM1_FLT1_IRQHandler
                0x08000a0c                DMAMUX2_OVR_IRQHandler
                0x08000a0c                TIM8_UP_TIM13_IRQHandler
                0x08000a0c                I2C3_ER_IRQHandler
                0x08000a0c                DFSDM1_FLT2_IRQHandler
                0x08000a0c                MDMA_IRQHandler
                0x08000a0c                LPTIM3_IRQHandler
                0x08000a0c                HSEM1_IRQHandler
                0x08000a0c                EXTI0_IRQHandler
                0x08000a0c                FPU_IRQHandler
                0x08000a0c                OTG_HS_WKUP_IRQHandler
                0x08000a0c                FDCAN1_IT1_IRQHandler
                0x08000a0c                UsageFault_Handler
                0x08000a0c                LTDC_ER_IRQHandler
                0x08000a0c                HRTIM1_TIME_IRQHandler
                0x08000a0c                DCMI_IRQHandler
                0x08000a0c                HRTIM1_TIMC_IRQHandler
                0x08000a0c                SAI2_IRQHandler
                0x08000a0c                DFSDM1_FLT3_IRQHandler
                0x08000a0c                TIM17_IRQHandler
                0x08000a0c                CRYP_IRQHandler
                0x08000a0c                BDMA_Channel7_IRQHandler
                0x08000a0c                LPTIM5_IRQHandler
                0x08000a0c                ADC3_IRQHandler
                0x08000a0c                BDMA_Channel2_IRQHandler
                0x08000a0c                DMAMUX1_OVR_IRQHandler
                0x08000a0c                TIM16_IRQHandler
                0x08000a0c                BDMA_Channel5_IRQHandler
                0x08000a0c                RCC_IRQHandler
                0x08000a0c                TIM8_BRK_TIM12_IRQHandler
                0x08000a0c                TIM1_TRG_COM_IRQHandler
                0x08000a0c                Default_Handler
                0x08000a0c                ECC_IRQHandler
                0x08000a0c                CEC_IRQHandler
                0x08000a0c                EXTI15_10_IRQHandler
                0x08000a0c                BDMA_Channel0_IRQHandler
                0x08000a0c                ADC_IRQHandler
                0x08000a0c                DMA1_Stream7_IRQHandler
                0x08000a0c                HRTIM1_TIMA_IRQHandler
                0x08000a0c                TIM7_IRQHandler
                0x08000a0c                SDMMC1_IRQHandler
                0x08000a0c                DMA2_Stream7_IRQHandler
                0x08000a0c                TIM15_IRQHandler
                0x08000a0c                PVD_AVD_IRQHandler
                0x08000a0c                EXTI9_5_IRQHandler
                0x08000a0c                RTC_WKUP_IRQHandler
                0x08000a0c                LTDC_IRQHandler
                0x08000a0c                SAI3_IRQHandler
                0x08000a0c                ETH_WKUP_IRQHandler
                0x08000a0c                SPDIF_RX_IRQHandler
                0x08000a0c                MemManage_Handler
                0x08000a0c                SVC_Handler
                0x08000a0c                CRS_IRQHandler
                0x08000a0c                EXTI4_IRQHandler
                0x08000a0c                HRTIM1_TIMB_IRQHandler
                0x08000a0c                FDCAN2_IT1_IRQHandler
                0x08000a0c                ETH_IRQHandler
                0x08000a0c                TIM1_UP_IRQHandler
                0x08000a0c                BDMA_Channel4_IRQHandler
                0x08000a0c                WWDG_IRQHandler
                0x08000a0c                SPI6_IRQHandler
                0x08000a0c                I2C4_EV_IRQHandler
                0x08000a0c                MDIOS_IRQHandler
                0x08000a0c                FDCAN2_IT0_IRQHandler
                0x08000a0c                FDCAN1_IT0_IRQHandler
                0x08000a0c                OTG_FS_WKUP_IRQHandler
                0x08000a0c                DMA2D_IRQHandler
                0x08000a0c                TIM1_BRK_IRQHandler
                0x08000a0c                EXTI1_IRQHandler
                0x08000a0c                SDMMC2_IRQHandler
                0x08000a0c                OTG_FS_EP1_OUT_IRQHandler
                0x08000a0c                BDMA_Channel3_IRQHandler
                0x08000a0c                MDIOS_WKUP_IRQHandler
                0x08000a0c                DFSDM1_FLT0_IRQHandler
                0x08000a0c                SAI4_IRQHandler
                0x08000a0c                I2C2_ER_IRQHandler
                0x08000a0c                FLASH_IRQHandler
                0x08000a0c                BusFault_Handler
                0x08000a0c                OTG_FS_IRQHandler
                0x08000a0c                WAKEUP_PIN_IRQHandler
                0x08000a0c                OTG_FS_EP1_IN_IRQHandler
                0x08000a0c                I2C1_ER_IRQHandler
                0x08000a0c                FMC_IRQHandler
                0x08000a0c                FDCAN_CAL_IRQHandler
                0x08000a0c                SWPMI1_IRQHandler
                0x08000a0c                COMP1_IRQHandler
                0x08000a0c                LPTIM1_IRQHandler
                0x08000a0c                I2C4_ER_IRQHandler
                0x08000a0c                DMA2_Stream6_IRQHandler
                0x08000a0c                SAI1_IRQHandler
 .text.Reset_Handler
                0x08000a10       0x44 build/startup_stm32h750xx.o
                0x08000a10                Reset_Handler
 .text._ZN5daisy7EncoderD2Ev
                0x08000a54        0x4 build/TripleSaw.o
                0x08000a54                daisy::Encoder::~Encoder()
                0x08000a54                daisy::Encoder::~Encoder()
 .text._ZN5daisy9ParameterD2Ev
                0x08000a58        0x4 build/TripleSaw.o
                0x08000a58                daisy::Parameter::~Parameter()
                0x08000a58                daisy::Parameter::~Parameter()
 .text._ZN5daisy8patch_sm12DaisyPatchSMD2Ev
                0x08000a5c        0x4 build/TripleSaw.o
                0x08000a5c                daisy::patch_sm::DaisyPatchSM::~DaisyPatchSM()
                0x08000a5c                daisy::patch_sm::DaisyPatchSM::~DaisyPatchSM()
 .text._ZN7daisysp10OscillatorD2Ev
                0x08000a60        0x4 build/TripleSaw.o
                0x08000a60                daisysp::Oscillator::~Oscillator()
                0x08000a60                daisysp::Oscillator::~Oscillator()
 .text._ZN7daisysp3SvfD2Ev
                0x08000a64        0x4 build/TripleSaw.o
                0x08000a64                daisysp::Svf::~Svf()
                0x08000a64                daisysp::Svf::~Svf()
 .text._ZN5daisy11OledDisplayINS_13SSD130xDriverILj128ELj64ENS_24SSD130x4WireSpiTransportEEEE4FillEb
                0x08000a68       0x10 build/TripleSaw.o
                0x08000a68                daisy::OledDisplay<daisy::SSD130xDriver<128u, 64u, daisy::SSD130x4WireSpiTransport> >::Fill(bool)
 .text._ZN5daisy11OledDisplayINS_13SSD130xDriverILj128ELj64ENS_24SSD130x4WireSpiTransportEEEED2Ev
                0x08000a78        0x4 build/TripleSaw.o
                0x08000a78                daisy::OledDisplay<daisy::SSD130xDriver<128u, 64u, daisy::SSD130x4WireSpiTransport> >::~OledDisplay()
                0x08000a78                daisy::OledDisplay<daisy::SSD130xDriver<128u, 64u, daisy::SSD130x4WireSpiTransport> >::~OledDisplay()
 .text._ZNK5daisy11OledDisplayINS_13SSD130xDriverILj128ELj64ENS_24SSD130x4WireSpiTransportEEEE6HeightEv
                0x08000a7c        0x4 build/TripleSaw.o
                0x08000a7c                daisy::OledDisplay<daisy::SSD130xDriver<128u, 64u, daisy::SSD130x4WireSpiTransport> >::Height() const
 .text._ZNK5daisy11OledDisplayINS_13SSD130xDriverILj128ELj64ENS_24SSD130x4WireSpiTransportEEEE5WidthEv
                0x08000a80        0x4 build/TripleSaw.o
                0x08000a80                daisy::OledDisplay<daisy::SSD130xDriver<128u, 64u, daisy::SSD130x4WireSpiTransport> >::Width() const
 .text._ZN5daisy11OledDisplayINS_13SSD130xDriverILj128ELj64ENS_24SSD130x4WireSpiTransportEEEED0Ev
                0x08000a84       0x10 build/TripleSaw.o
                0x08000a84                daisy::OledDisplay<daisy::SSD130xDriver<128u, 64u, daisy::SSD130x4WireSpiTransport> >::~OledDisplay()
 .text._ZN18EnvelopeOscillator8EnvelopeD2Ev
                0x08000a94       0x14 build/TripleSaw.o
                0x08000a94                EnvelopeOscillator::Envelope::~Envelope()
                0x08000a94                EnvelopeOscillator::Envelope::~Envelope()
 .text._ZN5daisy11OledDisplayINS_13SSD130xDriverILj128ELj64ENS_24SSD130x4WireSpiTransportEEEE6UpdateEv
                0x08000aa8       0x8c build/TripleSaw.o
                0x08000aa8                daisy::OledDisplay<daisy::SSD130xDriver<128u, 64u, daisy::SSD130x4WireSpiTransport> >::Update()
 .text._ZN5daisy25OneBitGraphicsDisplayImplINS_11OledDisplayINS_13SSD130xDriverILj128ELj64ENS_24SSD130x4WireSpiTransportEEEEEE9WriteCharEc7FontDefb
                0x08000b34      0x1a0 build/TripleSaw.o
                0x08000b34                daisy::OneBitGraphicsDisplayImpl<daisy::OledDisplay<daisy::SSD130xDriver<128u, 64u, daisy::SSD130x4WireSpiTransport> > >::WriteChar(char, FontDef, bool)
 .text._ZN5daisy11OledDisplayINS_13SSD130xDriverILj128ELj64ENS_24SSD130x4WireSpiTransportEEEE9DrawPixelEjjb
                0x08000cd4       0x44 build/TripleSaw.o
                0x08000cd4                daisy::OledDisplay<daisy::SSD130xDriver<128u, 64u, daisy::SSD130x4WireSpiTransport> >::DrawPixel(unsigned int, unsigned int, bool)
 .text._ZN5daisy25OneBitGraphicsDisplayImplINS_11OledDisplayINS_13SSD130xDriverILj128ELj64ENS_24SSD130x4WireSpiTransportEEEEEE8DrawLineEjjjjb
                0x08000d18       0xfc build/TripleSaw.o
                0x08000d18                daisy::OneBitGraphicsDisplayImpl<daisy::OledDisplay<daisy::SSD130xDriver<128u, 64u, daisy::SSD130x4WireSpiTransport> > >::DrawLine(unsigned int, unsigned int, unsigned int, unsigned int, bool)
 *fill*         0x08000e14        0x4 
 .text._ZN5daisy25OneBitGraphicsDisplayImplINS_11OledDisplayINS_13SSD130xDriverILj128ELj64ENS_24SSD130x4WireSpiTransportEEEEEE7DrawArcEjjjiib
                0x08000e18      0x478 build/TripleSaw.o
                0x08000e18                daisy::OneBitGraphicsDisplayImpl<daisy::OledDisplay<daisy::SSD130xDriver<128u, 64u, daisy::SSD130x4WireSpiTransport> > >::DrawArc(unsigned int, unsigned int, unsigned int, int, int, bool)
 .text._ZN5daisy25OneBitGraphicsDisplayImplINS_11OledDisplayINS_13SSD130xDriverILj128ELj64ENS_24SSD130x4WireSpiTransportEEEEEE11WriteStringEPKc7FontDefb
                0x08001290      0x1c0 build/TripleSaw.o
                0x08001290                daisy::OneBitGraphicsDisplayImpl<daisy::OledDisplay<daisy::SSD130xDriver<128u, 64u, daisy::SSD130x4WireSpiTransport> > >::WriteString(char const*, FontDef, bool)
 .text._ZN5daisy25OneBitGraphicsDisplayImplINS_11OledDisplayINS_13SSD130xDriverILj128ELj64ENS_24SSD130x4WireSpiTransportEEEEEE18WriteStringAlignedEPKcRK7FontDefNS_9RectangleENS_9AlignmentEb
                0x08001450      0x26c build/TripleSaw.o
                0x08001450                daisy::OneBitGraphicsDisplayImpl<daisy::OledDisplay<daisy::SSD130xDriver<128u, 64u, daisy::SSD130x4WireSpiTransport> > >::WriteStringAligned(char const*, FontDef const&, daisy::Rectangle, daisy::Alignment, bool)
 .text._ZN5daisy25OneBitGraphicsDisplayImplINS_11OledDisplayINS_13SSD130xDriverILj128ELj64ENS_24SSD130x4WireSpiTransportEEEEEE8DrawRectEjjjjbb
                0x080016bc      0x418 build/TripleSaw.o
                0x080016bc                daisy::OneBitGraphicsDisplayImpl<daisy::OledDisplay<daisy::SSD130xDriver<128u, 64u, daisy::SSD130x4WireSpiTransport> > >::DrawRect(unsigned int, unsigned int, unsigned int, unsigned int, bool, bool)
 *fill*         0x08001ad4        0x4 
 .text._Z14UpdateControlsv
                0x08001ad8      0x2c0 build/TripleSaw.o
                0x08001ad8                UpdateControls()
 .text._Z13AudioCallbackPKPKfPPfj
                0x08001d98       0xec build/TripleSaw.o
                0x08001d98                AudioCallback(float const* const*, float**, unsigned int)
 .text._Z13UpdateDisplayv
                0x08001e84      0xba8 build/TripleSaw.o
                0x08001e84                UpdateDisplay()
 .text._ZN5daisy13SSD130xDriverILj128ELj64ENS_24SSD130x4WireSpiTransportEE4InitENS2_6ConfigE
                0x08002a2c      0x2ec build/TripleSaw.o
                0x08002a2c                daisy::SSD130xDriver<128u, 64u, daisy::SSD130x4WireSpiTransport>::Init(daisy::SSD130xDriver<128u, 64u, daisy::SSD130x4WireSpiTransport>::Config)
 .text._Z13DisplayConfigv
                0x08002d18       0x64 build/TripleSaw.o
                0x08002d18                DisplayConfig()
 .text._Z5Initsv
                0x08002d7c      0x204 build/TripleSaw.o
                0x08002d7c                Inits()
 .text.startup.main
                0x08002f80       0x24 build/TripleSaw.o
                0x08002f80                main
 .text.startup._GLOBAL__sub_I_patch
                0x08002fa4      0x140 build/TripleSaw.o
 .text._ZN5daisy8patch_sm12DaisyPatchSM4Impl19InternalDacCallbackEPPtj
                0x080030e4       0xa8 ../../libDaisy//build\libdaisy.a(daisy_patch_sm.o)
                0x080030e4                daisy::patch_sm::DaisyPatchSM::Impl::InternalDacCallback(unsigned short**, unsigned int)
 .text._ZN5daisy8patch_sm12DaisyPatchSM4InitEv
                0x0800318c      0x29c ../../libDaisy//build\libdaisy.a(daisy_patch_sm.o)
                0x0800318c                daisy::patch_sm::DaisyPatchSM::Init()
 .text._ZN5daisy8patch_sm12DaisyPatchSM10StartAudioEPFvPKPKfPPfjE
                0x08003428        0x8 ../../libDaisy//build\libdaisy.a(daisy_patch_sm.o)
                0x08003428                daisy::patch_sm::DaisyPatchSM::StartAudio(void (*)(float const* const*, float**, unsigned int))
 .text._ZN5daisy8patch_sm12DaisyPatchSM15AudioSampleRateEv
                0x08003430        0x8 ../../libDaisy//build\libdaisy.a(daisy_patch_sm.o)
                0x08003430                daisy::patch_sm::DaisyPatchSM::AudioSampleRate()
 .text._ZN5daisy8patch_sm12DaisyPatchSM8StartAdcEv
                0x08003438        0x8 ../../libDaisy//build\libdaisy.a(daisy_patch_sm.o)
                0x08003438                daisy::patch_sm::DaisyPatchSM::StartAdc()
 .text._ZN5daisy8patch_sm12DaisyPatchSM21ProcessAnalogControlsEv
                0x08003440       0x18 ../../libDaisy//build\libdaisy.a(daisy_patch_sm.o)
                0x08003440                daisy::patch_sm::DaisyPatchSM::ProcessAnalogControls()
 .text._ZN5daisy8patch_sm12DaisyPatchSM22ProcessDigitalControlsEv
                0x08003458        0x4 ../../libDaisy//build\libdaisy.a(daisy_patch_sm.o)
                0x08003458                daisy::patch_sm::DaisyPatchSM::ProcessDigitalControls()
 .text._ZN5daisy8patch_sm12DaisyPatchSM11GetAdcValueEi
                0x0800345c        0xc ../../libDaisy//build\libdaisy.a(daisy_patch_sm.o)
                0x0800345c                daisy::patch_sm::DaisyPatchSM::GetAdcValue(int)
 .text.startup._GLOBAL__sub_I__ZN5daisy8patch_sm12DaisyPatchSM2A1E
                0x08003468       0x28 ../../libDaisy//build\libdaisy.a(daisy_patch_sm.o)
 .text._ZN5daisy7Pcm30604InitENS_9I2CHandleE
                0x08003490      0x16c ../../libDaisy//build\libdaisy.a(codec_pcm3060.o)
                0x08003490                daisy::Pcm3060::Init(daisy::I2CHandle)
 .text._ZN11SdramHandle10DeviceInitEv
                0x080035fc       0x98 ../../libDaisy//build\libdaisy.a(sdram.o)
                0x080035fc                SdramHandle::DeviceInit()
 .text._ZN11SdramHandle4InitEv
                0x08003694       0x7c ../../libDaisy//build\libdaisy.a(sdram.o)
                0x08003694                SdramHandle::Init()
 .text.HAL_SDRAM_MspInit
                0x08003710      0x1a8 ../../libDaisy//build\libdaisy.a(sdram.o)
                0x08003710                HAL_SDRAM_MspInit
 .text._ZN5daisy11AudioHandle4Impl16InternalCallbackEPlS2_j
                0x080038b8      0xbbc ../../libDaisy//build\libdaisy.a(audio.o)
                0x080038b8                daisy::AudioHandle::Impl::InternalCallback(long*, long*, unsigned int)
 .text._ZN5daisy11AudioHandle4InitERKNS0_6ConfigENS_9SaiHandleE
                0x08004474       0x70 ../../libDaisy//build\libdaisy.a(audio.o)
                0x08004474                daisy::AudioHandle::Init(daisy::AudioHandle::Config const&, daisy::SaiHandle)
 .text._ZNK5daisy11AudioHandle9GetConfigEv
                0x080044e4        0x8 ../../libDaisy//build\libdaisy.a(audio.o)
                0x080044e4                daisy::AudioHandle::GetConfig() const
 .text._ZN5daisy11AudioHandle13GetSampleRateEv
                0x080044ec        0x8 ../../libDaisy//build\libdaisy.a(audio.o)
                0x080044ec                daisy::AudioHandle::GetSampleRate()
 .text._ZN5daisy11AudioHandle5StartEPFvPKPKfPPfjE
                0x080044f4       0x44 ../../libDaisy//build\libdaisy.a(audio.o)
                0x080044f4                daisy::AudioHandle::Start(void (*)(float const* const*, float**, unsigned int))
 .text.startup._GLOBAL__sub_I__ZN5daisy11AudioHandle4Impl4InitENS0_6ConfigENS_9SaiHandleE
                0x08004538       0x24 ../../libDaisy//build\libdaisy.a(audio.o)
 .text._ZN5daisy13AnalogControl4InitEPtfbbf
                0x0800455c       0x64 ../../libDaisy//build\libdaisy.a(ctrl.o)
                0x0800455c                daisy::AnalogControl::Init(unsigned short*, float, bool, bool, float)
 .text._ZN5daisy13AnalogControl13InitBipolarCvEPtf
                0x080045c0       0x6c ../../libDaisy//build\libdaisy.a(ctrl.o)
                0x080045c0                daisy::AnalogControl::InitBipolarCv(unsigned short*, float)
 .text._ZN5daisy13AnalogControl7ProcessEv
                0x0800462c       0x48 ../../libDaisy//build\libdaisy.a(ctrl.o)
                0x0800462c                daisy::AnalogControl::Process()
 .text._ZN5daisy7Encoder4InitE12dsy_gpio_pinS1_S1_f
                0x08004674       0x60 ../../libDaisy//build\libdaisy.a(encoder.o)
                0x08004674                daisy::Encoder::Init(dsy_gpio_pin, dsy_gpio_pin, dsy_gpio_pin, float)
 .text._ZN5daisy7Encoder8DebounceEv
                0x080046d4       0x7c ../../libDaisy//build\libdaisy.a(encoder.o)
                0x080046d4                daisy::Encoder::Debounce()
 .text._ZN5daisy6GateIn4InitENS_3PinEb
                0x08004750       0x24 ../../libDaisy//build\libdaisy.a(gatein.o)
                0x08004750                daisy::GateIn::Init(daisy::Pin, bool)
 .text._ZN5daisy9Parameter4InitENS_13AnalogControlEffNS0_5CurveE
                0x08004774       0x60 ../../libDaisy//build\libdaisy.a(parameter.o)
                0x08004774                daisy::Parameter::Init(daisy::AnalogControl, float, float, daisy::Parameter::Curve)
 .text._ZN5daisy6Switch4InitE12dsy_gpio_pinf
                0x080047d4       0x34 ../../libDaisy//build\libdaisy.a(switch.o)
                0x080047d4                daisy::Switch::Init(dsy_gpio_pin, float)
 .text._ZN5daisy6Switch8DebounceEv
                0x08004808       0x5c ../../libDaisy//build\libdaisy.a(switch.o)
                0x08004808                daisy::Switch::Debounce()
 .text._ZN5daisy16AdcChannelConfig10InitSingleE12dsy_gpio_pinNS0_15ConversionSpeedE
                0x08004864       0x28 ../../libDaisy//build\libdaisy.a(adc.o)
                0x08004864                daisy::AdcChannelConfig::InitSingle(dsy_gpio_pin, daisy::AdcChannelConfig::ConversionSpeed)
 .text._ZN5daisy9AdcHandle4InitEPNS_16AdcChannelConfigEjNS0_12OverSamplingE
                0x0800488c      0x41c ../../libDaisy//build\libdaisy.a(adc.o)
                0x0800488c                daisy::AdcHandle::Init(daisy::AdcChannelConfig*, unsigned int, daisy::AdcHandle::OverSampling)
 .text._ZN5daisy9AdcHandle5StartEv
                0x08004ca8       0x2c ../../libDaisy//build\libdaisy.a(adc.o)
                0x08004ca8                daisy::AdcHandle::Start()
 .text._ZNK5daisy9AdcHandle6GetPtrEh
                0x08004cd4       0x14 ../../libDaisy//build\libdaisy.a(adc.o)
                0x08004cd4                daisy::AdcHandle::GetPtr(unsigned char) const
 .text.HAL_ADC_MspInit
                0x08004ce8       0x98 ../../libDaisy//build\libdaisy.a(adc.o)
                0x08004ce8                HAL_ADC_MspInit
 .text.DMA1_Stream2_IRQHandler
                0x08004d80        0xc ../../libDaisy//build\libdaisy.a(adc.o)
                0x08004d80                DMA1_Stream2_IRQHandler
 .text.HAL_ADC_ConvCpltCallback
                0x08004d8c      0x148 ../../libDaisy//build\libdaisy.a(adc.o)
                0x08004d8c                HAL_ADC_ConvCpltCallback
 .text.HAL_ADC_ErrorCallback
                0x08004ed4        0x4 ../../libDaisy//build\libdaisy.a(adc.o)
                0x08004ed4                HAL_ADC_ErrorCallback
 .text.HAL_DAC_MspInit
                0x08004ed8      0x15c ../../libDaisy//build\libdaisy.a(dac.o)
                0x08004ed8                HAL_DAC_MspInit
 .text.DMA2_Stream0_IRQHandler
                0x08005034        0xc ../../libDaisy//build\libdaisy.a(dac.o)
                0x08005034                DMA2_Stream0_IRQHandler
 .text.DMA2_Stream1_IRQHandler
                0x08005040        0xc ../../libDaisy//build\libdaisy.a(dac.o)
                0x08005040                DMA2_Stream1_IRQHandler
 .text.TIM6_DAC_IRQHandler
                0x0800504c       0x1c ../../libDaisy//build\libdaisy.a(dac.o)
                0x0800504c                TIM6_DAC_IRQHandler
 .text.HAL_DAC_ConvCpltCallbackCh1
                0x08005068       0x60 ../../libDaisy//build\libdaisy.a(dac.o)
                0x08005068                HAL_DAC_ConvCpltCallbackCh1
 .text.HAL_DAC_ConvHalfCpltCallbackCh1
                0x080050c8       0x54 ../../libDaisy//build\libdaisy.a(dac.o)
                0x080050c8                HAL_DAC_ConvHalfCpltCallbackCh1
 .text.HAL_DACEx_ConvHalfCpltCallbackCh2
                0x0800511c       0x2c ../../libDaisy//build\libdaisy.a(dac.o)
                0x0800511c                HAL_DACEx_ConvHalfCpltCallbackCh2
 .text.HAL_DACEx_ConvCpltCallbackCh2
                0x08005148       0x34 ../../libDaisy//build\libdaisy.a(dac.o)
                0x08005148                HAL_DACEx_ConvCpltCallbackCh2
 .text._ZN5daisy9DacHandle4InitERKNS0_6ConfigE
                0x0800517c       0xfc ../../libDaisy//build\libdaisy.a(dac.o)
                0x0800517c                daisy::DacHandle::Init(daisy::DacHandle::Config const&)
 .text._ZN5daisy9DacHandle5StartEPtS1_jPFvPS1_jE
                0x08005278       0x6c ../../libDaisy//build\libdaisy.a(dac.o)
                0x08005278                daisy::DacHandle::Start(unsigned short*, unsigned short*, unsigned int, void (*)(unsigned short**, unsigned int))
 .text._ZN5daisy9DacHandle4StopEv
                0x080052e4       0x40 ../../libDaisy//build\libdaisy.a(dac.o)
                0x080052e4                daisy::DacHandle::Stop()
 .text._ZN5daisy4GPIO4InitENS_3PinENS0_4ModeENS0_4PullENS0_5SpeedE
                0x08005324      0x1cc ../../libDaisy//build\libdaisy.a(gpio.o)
                0x08005324                daisy::GPIO::Init(daisy::Pin, daisy::GPIO::Mode, daisy::GPIO::Pull, daisy::GPIO::Speed)
 .text._ZN5daisy4GPIO4ReadEv
                0x080054f0       0x18 ../../libDaisy//build\libdaisy.a(gpio.o)
                0x080054f0                daisy::GPIO::Read()
 .text.dsy_gpio_init
                0x08005508      0x1b8 ../../libDaisy//build\libdaisy.a(gpio.o)
                0x08005508                dsy_gpio_init
 .text.dsy_gpio_read
                0x080056c0       0x1c ../../libDaisy//build\libdaisy.a(gpio.o)
                0x080056c0                dsy_gpio_read
 .text.dsy_gpio_write
                0x080056dc       0x24 ../../libDaisy//build\libdaisy.a(gpio.o)
                0x080056dc                dsy_gpio_write
 .text._ZN5daisy9I2CHandle4Impl8InitPinsEv
                0x08005700       0x58 ../../libDaisy//build\libdaisy.a(i2c.o)
                0x08005700                daisy::I2CHandle::Impl::InitPins()
 .text.HAL_I2C_MspInit
                0x08005758      0x1b4 ../../libDaisy//build\libdaisy.a(i2c.o)
                0x08005758                HAL_I2C_MspInit
 .text.dsy_i2c_global_init
                0x0800590c       0x78 ../../libDaisy//build\libdaisy.a(i2c.o)
                0x0800590c                dsy_i2c_global_init
 .text.DMA1_Stream6_IRQHandler
                0x08005984       0x34 ../../libDaisy//build\libdaisy.a(i2c.o)
                0x08005984                DMA1_Stream6_IRQHandler
 .text.I2C1_EV_IRQHandler
                0x080059b8        0xc ../../libDaisy//build\libdaisy.a(i2c.o)
                0x080059b8                I2C1_EV_IRQHandler
 .text.I2C2_EV_IRQHandler
                0x080059c4        0xc ../../libDaisy//build\libdaisy.a(i2c.o)
                0x080059c4                I2C2_EV_IRQHandler
 .text.I2C3_EV_IRQHandler
                0x080059d0        0xc ../../libDaisy//build\libdaisy.a(i2c.o)
                0x080059d0                I2C3_EV_IRQHandler
 .text._ZN5daisy9I2CHandle4InitERKNS0_6ConfigE
                0x080059dc      0x12c ../../libDaisy//build\libdaisy.a(i2c.o)
                0x080059dc                daisy::I2CHandle::Init(daisy::I2CHandle::Config const&)
 .text._ZN5daisy9I2CHandle17ReadDataAtAddressEtttPhtm
                0x08005b08       0x4c ../../libDaisy//build\libdaisy.a(i2c.o)
                0x08005b08                daisy::I2CHandle::ReadDataAtAddress(unsigned short, unsigned short, unsigned short, unsigned char*, unsigned short, unsigned long)
 .text._ZN5daisy9I2CHandle18WriteDataAtAddressEtttPhtm
                0x08005b54       0x4c ../../libDaisy//build\libdaisy.a(i2c.o)
                0x08005b54                daisy::I2CHandle::WriteDataAtAddress(unsigned short, unsigned short, unsigned short, unsigned char*, unsigned short, unsigned long)
 .text.startup._GLOBAL__sub_I__ZN5daisy9I2CHandle4Impl10GlobalInitEv
                0x08005ba0       0x18 ../../libDaisy//build\libdaisy.a(i2c.o)
 .text._ZN5daisy10QSPIHandle4Impl11WriteEnableEv
                0x08005bb8       0x8c ../../libDaisy//build\libdaisy.a(qspi.o)
                0x08005bb8                daisy::QSPIHandle::Impl::WriteEnable()
 *fill*         0x08005c44        0x4 
 .text._ZN5daisy10QSPIHandle4Impl17DummyCyclesConfigENS0_6Config6DeviceE
                0x08005c48      0x118 ../../libDaisy//build\libdaisy.a(qspi.o)
                0x08005c48                daisy::QSPIHandle::Impl::DummyCyclesConfig(daisy::QSPIHandle::Config::Device)
 .text._ZN5daisy10QSPIHandle4Impl10QuadEnableEv
                0x08005d60      0x158 ../../libDaisy//build\libdaisy.a(qspi.o)
                0x08005d60                daisy::QSPIHandle::Impl::QuadEnable()
 .text._ZN5daisy10QSPIHandle4InitERKNS0_6ConfigE
                0x08005eb8      0x198 ../../libDaisy//build\libdaisy.a(qspi.o)
                0x08005eb8                daisy::QSPIHandle::Init(daisy::QSPIHandle::Config const&)
 .text.HAL_QSPI_MspInit
                0x08006050      0x11c ../../libDaisy//build\libdaisy.a(qspi.o)
                0x08006050                HAL_QSPI_MspInit
 .text.HAL_QSPI_MspDeInit
                0x0800616c       0x54 ../../libDaisy//build\libdaisy.a(qspi.o)
                0x0800616c                HAL_QSPI_MspDeInit
 .text.QUADSPI_IRQHandler
                0x080061c0        0xc ../../libDaisy//build\libdaisy.a(qspi.o)
                0x080061c0                QUADSPI_IRQHandler
 .text.startup._GLOBAL__sub_I__ZN5daisy10QSPIHandle4Impl4InitERKNS0_6ConfigE
                0x080061cc       0x28 ../../libDaisy//build\libdaisy.a(qspi.o)
 .text._ZN5daisy9SaiHandle4Impl7InitDmaENS1_15PeripheralBlockE
                0x080061f4       0xa0 ../../libDaisy//build\libdaisy.a(sai.o)
                0x080061f4                daisy::SaiHandle::Impl::InitDma(daisy::SaiHandle::Impl::PeripheralBlock)
 .text._ZN5daisy9SaiHandle4Impl8InitPinsEv
                0x08006294       0xa8 ../../libDaisy//build\libdaisy.a(sai.o)
                0x08006294                daisy::SaiHandle::Impl::InitPins()
 .text.HAL_SAI_MspInit
                0x0800633c      0x164 ../../libDaisy//build\libdaisy.a(sai.o)
                0x0800633c                HAL_SAI_MspInit
 .text.DMA1_Stream0_IRQHandler
                0x080064a0        0xc ../../libDaisy//build\libdaisy.a(sai.o)
                0x080064a0                DMA1_Stream0_IRQHandler
 .text.DMA1_Stream1_IRQHandler
                0x080064ac        0xc ../../libDaisy//build\libdaisy.a(sai.o)
                0x080064ac                DMA1_Stream1_IRQHandler
 .text.DMA1_Stream3_IRQHandler
                0x080064b8        0xc ../../libDaisy//build\libdaisy.a(sai.o)
                0x080064b8                DMA1_Stream3_IRQHandler
 .text.DMA1_Stream4_IRQHandler
                0x080064c4        0xc ../../libDaisy//build\libdaisy.a(sai.o)
                0x080064c4                DMA1_Stream4_IRQHandler
 .text.HAL_SAI_RxHalfCpltCallback
                0x080064d0       0x78 ../../libDaisy//build\libdaisy.a(sai.o)
                0x080064d0                HAL_SAI_RxHalfCpltCallback
 .text.HAL_SAI_RxCpltCallback
                0x08006548       0x70 ../../libDaisy//build\libdaisy.a(sai.o)
                0x08006548                HAL_SAI_RxCpltCallback
 .text._ZN5daisy9SaiHandle4InitERKNS0_6ConfigE
                0x080065b8      0x1f0 ../../libDaisy//build\libdaisy.a(sai.o)
                0x080065b8                daisy::SaiHandle::Init(daisy::SaiHandle::Config const&)
 .text._ZNK5daisy9SaiHandle9GetConfigEv
                0x080067a8        0x4 ../../libDaisy//build\libdaisy.a(sai.o)
                0x080067a8                daisy::SaiHandle::GetConfig() const
 .text._ZN5daisy9SaiHandle8StartDmaEPlS1_jPFvS1_S1_jE
                0x080067ac       0xbc ../../libDaisy//build\libdaisy.a(sai.o)
                0x080067ac                daisy::SaiHandle::StartDma(long*, long*, unsigned int, void (*)(long*, long*, unsigned int))
 .text._ZN5daisy9SaiHandle13GetSampleRateEv
                0x08006868       0x24 ../../libDaisy//build\libdaisy.a(sai.o)
                0x08006868                daisy::SaiHandle::GetSampleRate()
 .text._ZNK5daisy9SaiHandle9GetOffsetEv
                0x0800688c        0x8 ../../libDaisy//build\libdaisy.a(sai.o)
                0x0800688c                daisy::SaiHandle::GetOffset() const
 .text._ZN5daisy9SpiHandle4Impl7InitDmaEv
                0x08006894       0xec ../../libDaisy//build\libdaisy.a(spi.o)
                0x08006894                daisy::SpiHandle::Impl::InitDma()
 .text._ZN5daisy9SpiHandle4Impl10StartDmaTxEPhjPFvPvEPFvS3_NS0_6ResultEES3_
                0x08006980       0xc8 ../../libDaisy//build\libdaisy.a(spi.o)
                0x08006980                daisy::SpiHandle::Impl::StartDmaTx(unsigned char*, unsigned int, void (*)(void*), void (*)(void*, daisy::SpiHandle::Result), void*)
 .text._ZN5daisy9SpiHandle4Impl10StartDmaRxEPhjPFvPvEPFvS3_NS0_6ResultEES3_
                0x08006a48       0xc8 ../../libDaisy//build\libdaisy.a(spi.o)
                0x08006a48                daisy::SpiHandle::Impl::StartDmaRx(unsigned char*, unsigned int, void (*)(void*), void (*)(void*, daisy::SpiHandle::Result), void*)
 .text._ZN5daisy9SpiHandle4Impl12StartDmaRxTxEPhS2_jPFvPvEPFvS3_NS0_6ResultEES3_
                0x08006b10       0xcc ../../libDaisy//build\libdaisy.a(spi.o)
                0x08006b10                daisy::SpiHandle::Impl::StartDmaRxTx(unsigned char*, unsigned char*, unsigned int, void (*)(void*), void (*)(void*, daisy::SpiHandle::Result), void*)
 .text._ZN5daisy9SpiHandle4Impl8InitPinsEv
                0x08006bdc      0x274 ../../libDaisy//build\libdaisy.a(spi.o)
                0x08006bdc                daisy::SpiHandle::Impl::InitPins()
 .text.HAL_SPI_MspInit
                0x08006e50      0x1a8 ../../libDaisy//build\libdaisy.a(spi.o)
                0x08006e50                HAL_SPI_MspInit
 .text.dsy_spi_global_init
                0x08006ff8       0x80 ../../libDaisy//build\libdaisy.a(spi.o)
                0x08006ff8                dsy_spi_global_init
 .text.SPI1_IRQHandler
                0x08007078        0xc ../../libDaisy//build\libdaisy.a(spi.o)
                0x08007078                SPI1_IRQHandler
 .text.SPI2_IRQHandler
                0x08007084        0xc ../../libDaisy//build\libdaisy.a(spi.o)
                0x08007084                SPI2_IRQHandler
 .text.SPI3_IRQHandler
                0x08007090        0xc ../../libDaisy//build\libdaisy.a(spi.o)
                0x08007090                SPI3_IRQHandler
 .text.SPI4_IRQHandler
                0x0800709c        0xc ../../libDaisy//build\libdaisy.a(spi.o)
                0x0800709c                SPI4_IRQHandler
 .text.SPI5_IRQHandler
                0x080070a8        0xc ../../libDaisy//build\libdaisy.a(spi.o)
                0x080070a8                SPI5_IRQHandler
 .text.DMA2_Stream2_IRQHandler
                0x080070b4       0x34 ../../libDaisy//build\libdaisy.a(spi.o)
                0x080070b4                DMA2_Stream2_IRQHandler
 .text.DMA2_Stream3_IRQHandler
                0x080070e8       0x38 ../../libDaisy//build\libdaisy.a(spi.o)
                0x080070e8                DMA2_Stream3_IRQHandler
 .text.HAL_SPI_TxCpltCallback
                0x08007120       0xc4 ../../libDaisy//build\libdaisy.a(spi.o)
                0x08007120                HAL_SPI_TxCpltCallback
 .text.HAL_SPI_RxCpltCallback
                0x080071e4       0xc4 ../../libDaisy//build\libdaisy.a(spi.o)
                0x080071e4                HAL_SPI_RxCpltCallback
 .text.HAL_SPI_TxRxCpltCallback
                0x080072a8       0xc4 ../../libDaisy//build\libdaisy.a(spi.o)
                0x080072a8                HAL_SPI_TxRxCpltCallback
 .text.HAL_SPI_ErrorCallback
                0x0800736c       0xc8 ../../libDaisy//build\libdaisy.a(spi.o)
                0x0800736c                HAL_SPI_ErrorCallback
 .text._ZN5daisy9SpiHandle4InitERKNS0_6ConfigE
                0x08007434      0x110 ../../libDaisy//build\libdaisy.a(spi.o)
                0x08007434                daisy::SpiHandle::Init(daisy::SpiHandle::Config const&)
 .text._ZN5daisy9SpiHandle16BlockingTransmitEPhjm
                0x08007544       0x14 ../../libDaisy//build\libdaisy.a(spi.o)
                0x08007544                daisy::SpiHandle::BlockingTransmit(unsigned char*, unsigned int, unsigned long)
 .text.startup._GLOBAL__sub_I__Z19MapInstanceToHandleP11SPI_TypeDef
                0x08007558      0x1b0 ../../libDaisy//build\libdaisy.a(spi.o)
 .text._ZN5daisy11TimerHandleD2Ev
                0x08007708        0x4 ../../libDaisy//build\libdaisy.a(system.o)
                0x08007708                daisy::TimerHandle::~TimerHandle()
                0x08007708                daisy::TimerHandle::~TimerHandle()
 .text.SysTick_Handler
                0x0800770c       0x10 ../../libDaisy//build\libdaisy.a(system.o)
                0x0800770c                SysTick_Handler
 .text.OTG_HS_EP1_OUT_IRQHandler
                0x0800771c       0x24 ../../libDaisy//build\libdaisy.a(system.o)
                0x0800771c                OTG_HS_EP1_OUT_IRQHandler
 .text.OTG_HS_EP1_IN_IRQHandler
                0x08007740       0x24 ../../libDaisy//build\libdaisy.a(system.o)
                0x08007740                OTG_HS_EP1_IN_IRQHandler
 .text.OTG_HS_IRQHandler
                0x08007764       0x24 ../../libDaisy//build\libdaisy.a(system.o)
                0x08007764                OTG_HS_IRQHandler
 .text.HardFault_Handler
                0x08007788       0xe0 ../../libDaisy//build\libdaisy.a(system.o)
                0x08007788                HardFault_Handler
 .text._ZN5daisy6System6GetNowEv
                0x08007868        0x4 ../../libDaisy//build\libdaisy.a(system.o)
                0x08007868                daisy::System::GetNow()
 .text._ZN5daisy6System5GetUsEv
                0x0800786c        0xc ../../libDaisy//build\libdaisy.a(system.o)
                0x0800786c                daisy::System::GetUs()
 .text._ZN5daisy6System5DelayEm
                0x08007878        0x4 ../../libDaisy//build\libdaisy.a(system.o)
                0x08007878                daisy::System::Delay(unsigned long)
 .text._ZN5daisy6System20GetBootloaderVersionEv
                0x0800787c       0x34 ../../libDaisy//build\libdaisy.a(system.o)
                0x0800787c                daisy::System::GetBootloaderVersion()
 .text._ZN5daisy6System15ConfigureClocksEv
                0x080078b0      0x194 ../../libDaisy//build\libdaisy.a(system.o)
                0x080078b0                daisy::System::ConfigureClocks()
 .text._ZN5daisy6System12ConfigureMpuEv
                0x08007a44       0x7c ../../libDaisy//build\libdaisy.a(system.o)
                0x08007a44                daisy::System::ConfigureMpu()
 .text._ZN5daisy6System4InitERKNS0_6ConfigE
                0x08007ac0       0xec ../../libDaisy//build\libdaisy.a(system.o)
                0x08007ac0                daisy::System::Init(daisy::System::Config const&)
 .text._ZN5daisy6System12GetPClk1FreqEv
                0x08007bac        0x4 ../../libDaisy//build\libdaisy.a(system.o)
                0x08007bac                daisy::System::GetPClk1Freq()
 .text._ZN5daisy6System12GetPClk2FreqEv
                0x08007bb0        0x4 ../../libDaisy//build\libdaisy.a(system.o)
                0x08007bb0                daisy::System::GetPClk2Freq()
 .text._ZN5daisy6System22GetProgramMemoryRegionEv
                0x08007bb4       0x78 ../../libDaisy//build\libdaisy.a(system.o)
                0x08007bb4                daisy::System::GetProgramMemoryRegion()
 .text.startup._GLOBAL__sub_I__ZN5daisy9boot_infoE
                0x08007c2c       0x1c ../../libDaisy//build\libdaisy.a(system.o)
 .text.SystemInit
                0x08007c48       0x9c ../../libDaisy//build\libdaisy.a(system_stm32h7xx.o)
                0x08007c48                SystemInit
 .text.HAL_PCD_SetupStageCallback
                0x08007ce4        0xc ../../libDaisy//build\libdaisy.a(usbd_conf.o)
                0x08007ce4                HAL_PCD_SetupStageCallback
 .text.HAL_PCD_DataOutStageCallback
                0x08007cf0       0x14 ../../libDaisy//build\libdaisy.a(usbd_conf.o)
                0x08007cf0                HAL_PCD_DataOutStageCallback
 .text.HAL_PCD_DataInStageCallback
                0x08007d04       0x14 ../../libDaisy//build\libdaisy.a(usbd_conf.o)
                0x08007d04                HAL_PCD_DataInStageCallback
 .text.HAL_PCD_SOFCallback
                0x08007d18        0x8 ../../libDaisy//build\libdaisy.a(usbd_conf.o)
                0x08007d18                HAL_PCD_SOFCallback
 .text.HAL_PCD_ResetCallback
                0x08007d20       0x24 ../../libDaisy//build\libdaisy.a(usbd_conf.o)
                0x08007d20                HAL_PCD_ResetCallback
 .text.HAL_PCD_SuspendCallback
                0x08007d44       0x30 ../../libDaisy//build\libdaisy.a(usbd_conf.o)
                0x08007d44                HAL_PCD_SuspendCallback
 .text.HAL_PCD_ResumeCallback
                0x08007d74        0x8 ../../libDaisy//build\libdaisy.a(usbd_conf.o)
                0x08007d74                HAL_PCD_ResumeCallback
 .text.HAL_PCD_ISOOUTIncompleteCallback
                0x08007d7c        0x8 ../../libDaisy//build\libdaisy.a(usbd_conf.o)
                0x08007d7c                HAL_PCD_ISOOUTIncompleteCallback
 .text.HAL_PCD_ISOINIncompleteCallback
                0x08007d84        0x8 ../../libDaisy//build\libdaisy.a(usbd_conf.o)
                0x08007d84                HAL_PCD_ISOINIncompleteCallback
 .text.HAL_PCD_ConnectCallback
                0x08007d8c        0x8 ../../libDaisy//build\libdaisy.a(usbd_conf.o)
                0x08007d8c                HAL_PCD_ConnectCallback
 .text.HAL_PCD_DisconnectCallback
                0x08007d94        0x8 ../../libDaisy//build\libdaisy.a(usbd_conf.o)
                0x08007d94                HAL_PCD_DisconnectCallback
 .text.USBD_LL_OpenEP
                0x08007d9c       0x24 ../../libDaisy//build\libdaisy.a(usbd_conf.o)
                0x08007d9c                USBD_LL_OpenEP
 .text.USBD_LL_StallEP
                0x08007dc0       0x1c ../../libDaisy//build\libdaisy.a(usbd_conf.o)
                0x08007dc0                USBD_LL_StallEP
 .text.USBD_LL_ClearStallEP
                0x08007ddc       0x1c ../../libDaisy//build\libdaisy.a(usbd_conf.o)
                0x08007ddc                USBD_LL_ClearStallEP
 .text.USBD_LL_IsStallEP
                0x08007df8       0x28 ../../libDaisy//build\libdaisy.a(usbd_conf.o)
                0x08007df8                USBD_LL_IsStallEP
 .text.USBD_LL_SetUSBAddress
                0x08007e20       0x1c ../../libDaisy//build\libdaisy.a(usbd_conf.o)
                0x08007e20                USBD_LL_SetUSBAddress
 .text.USBD_LL_Transmit
                0x08007e3c       0x1c ../../libDaisy//build\libdaisy.a(usbd_conf.o)
                0x08007e3c                USBD_LL_Transmit
 .text.USBD_LL_PrepareReceive
                0x08007e58       0x1c ../../libDaisy//build\libdaisy.a(usbd_conf.o)
                0x08007e58                USBD_LL_PrepareReceive
 .text.HAL_HCD_SOF_Callback
                0x08007e74        0x8 ../../libDaisy//build\libdaisy.a(usbh_conf.o)
                0x08007e74                HAL_HCD_SOF_Callback
 .text.HAL_HCD_Connect_Callback
                0x08007e7c        0x8 ../../libDaisy//build\libdaisy.a(usbh_conf.o)
                0x08007e7c                HAL_HCD_Connect_Callback
 .text.HAL_HCD_Disconnect_Callback
                0x08007e84        0x8 ../../libDaisy//build\libdaisy.a(usbh_conf.o)
                0x08007e84                HAL_HCD_Disconnect_Callback
 .text.HAL_HCD_HC_NotifyURBChange_Callback
                0x08007e8c        0x4 ../../libDaisy//build\libdaisy.a(usbh_conf.o)
                0x08007e8c                HAL_HCD_HC_NotifyURBChange_Callback
 .text.HAL_HCD_PortEnabled_Callback
                0x08007e90        0x8 ../../libDaisy//build\libdaisy.a(usbh_conf.o)
                0x08007e90                HAL_HCD_PortEnabled_Callback
 .text.HAL_HCD_PortDisabled_Callback
                0x08007e98        0x8 ../../libDaisy//build\libdaisy.a(usbh_conf.o)
                0x08007e98                HAL_HCD_PortDisabled_Callback
 .text.USBH_LL_Stop
                0x08007ea0       0x1c ../../libDaisy//build\libdaisy.a(usbh_conf.o)
                0x08007ea0                USBH_LL_Stop
 .text.dsy_hal_map_get_port
                0x08007ebc       0x10 ../../libDaisy//build\libdaisy.a(hal_map.o)
                0x08007ebc                dsy_hal_map_get_port
 .text.dsy_hal_map_get_pin
                0x08007ecc       0x10 ../../libDaisy//build\libdaisy.a(hal_map.o)
                0x08007ecc                dsy_hal_map_get_pin
 .text.dsy_hal_map_gpio_clk_enable
                0x08007edc      0x150 ../../libDaisy//build\libdaisy.a(hal_map.o)
                0x08007edc                dsy_hal_map_gpio_clk_enable
 .text.HAL_MspInit
                0x0800802c        0x4 ../../libDaisy//build\libdaisy.a(stm32h7xx_hal.o)
                0x0800802c                HAL_MspInit
 .text.HAL_InitTick
                0x08008030       0x4c ../../libDaisy//build\libdaisy.a(stm32h7xx_hal.o)
                0x08008030                HAL_InitTick
 .text.HAL_Init
                0x0800807c       0x60 ../../libDaisy//build\libdaisy.a(stm32h7xx_hal.o)
                0x0800807c                HAL_Init
 .text.HAL_IncTick
                0x080080dc       0x18 ../../libDaisy//build\libdaisy.a(stm32h7xx_hal.o)
                0x080080dc                HAL_IncTick
 .text.HAL_GetTick
                0x080080f4        0xc ../../libDaisy//build\libdaisy.a(stm32h7xx_hal.o)
                0x080080f4                HAL_GetTick
 .text.HAL_Delay
                0x08008100       0x24 ../../libDaisy//build\libdaisy.a(stm32h7xx_hal.o)
                0x08008100                HAL_Delay
 .text.HAL_GetREVID
                0x08008124        0xc ../../libDaisy//build\libdaisy.a(stm32h7xx_hal.o)
                0x08008124                HAL_GetREVID
 .text.HAL_ADC_ConvHalfCpltCallback
                0x08008130        0x4 ../../libDaisy//build\libdaisy.a(stm32h7xx_hal_adc.o)
                0x08008130                HAL_ADC_ConvHalfCpltCallback
 .text.ADC_DMAHalfConvCplt
                0x08008134        0xc ../../libDaisy//build\libdaisy.a(stm32h7xx_hal_adc.o)
                0x08008134                ADC_DMAHalfConvCplt
 .text.ADC_DMAConvCplt
                0x08008140       0x6c ../../libDaisy//build\libdaisy.a(stm32h7xx_hal_adc.o)
                0x08008140                ADC_DMAConvCplt
 .text.ADC_DMAError
                0x080081ac       0x1c ../../libDaisy//build\libdaisy.a(stm32h7xx_hal_adc.o)
                0x080081ac                ADC_DMAError
 .text.HAL_ADC_ConfigChannel
                0x080081c8      0x3fc ../../libDaisy//build\libdaisy.a(stm32h7xx_hal_adc.o)
                0x080081c8                HAL_ADC_ConfigChannel
 .text.ADC_Enable
                0x080085c4       0xac ../../libDaisy//build\libdaisy.a(stm32h7xx_hal_adc.o)
                0x080085c4                ADC_Enable
 .text.HAL_ADC_Start_DMA
                0x08008670      0x114 ../../libDaisy//build\libdaisy.a(stm32h7xx_hal_adc.o)
                0x08008670                HAL_ADC_Start_DMA
 .text.ADC_Disable
                0x08008784       0x68 ../../libDaisy//build\libdaisy.a(stm32h7xx_hal_adc.o)
                0x08008784                ADC_Disable
 .text.ADC_ConfigureBoostMode
                0x080087ec      0x184 ../../libDaisy//build\libdaisy.a(stm32h7xx_hal_adc.o)
                0x080087ec                ADC_ConfigureBoostMode
 .text.HAL_ADC_Init
                0x08008970      0x218 ../../libDaisy//build\libdaisy.a(stm32h7xx_hal_adc.o)
                0x08008970                HAL_ADC_Init
 .text.HAL_ADCEx_Calibration_Start
                0x08008b88       0xa4 ../../libDaisy//build\libdaisy.a(stm32h7xx_hal_adc_ex.o)
                0x08008b88                HAL_ADCEx_Calibration_Start
 .text.HAL_ADCEx_MultiModeConfigChannel
                0x08008c2c       0xc4 ../../libDaisy//build\libdaisy.a(stm32h7xx_hal_adc_ex.o)
                0x08008c2c                HAL_ADCEx_MultiModeConfigChannel
 .text.HAL_NVIC_SetPriorityGrouping
                0x08008cf0       0x24 ../../libDaisy//build\libdaisy.a(stm32h7xx_hal_cortex.o)
                0x08008cf0                HAL_NVIC_SetPriorityGrouping
 .text.HAL_NVIC_SetPriority
                0x08008d14       0x7c ../../libDaisy//build\libdaisy.a(stm32h7xx_hal_cortex.o)
                0x08008d14                HAL_NVIC_SetPriority
 .text.HAL_NVIC_EnableIRQ
                0x08008d90       0x1c ../../libDaisy//build\libdaisy.a(stm32h7xx_hal_cortex.o)
                0x08008d90                HAL_NVIC_EnableIRQ
 .text.HAL_NVIC_DisableIRQ
                0x08008dac       0x28 ../../libDaisy//build\libdaisy.a(stm32h7xx_hal_cortex.o)
                0x08008dac                HAL_NVIC_DisableIRQ
 .text.HAL_SYSTICK_Config
                0x08008dd4       0x2c ../../libDaisy//build\libdaisy.a(stm32h7xx_hal_cortex.o)
                0x08008dd4                HAL_SYSTICK_Config
 .text.HAL_MPU_Disable
                0x08008e00       0x1c ../../libDaisy//build\libdaisy.a(stm32h7xx_hal_cortex.o)
                0x08008e00                HAL_MPU_Disable
 .text.HAL_MPU_Enable
                0x08008e1c       0x20 ../../libDaisy//build\libdaisy.a(stm32h7xx_hal_cortex.o)
                0x08008e1c                HAL_MPU_Enable
 .text.HAL_MPU_ConfigRegion
                0x08008e3c       0x64 ../../libDaisy//build\libdaisy.a(stm32h7xx_hal_cortex.o)
                0x08008e3c                HAL_MPU_ConfigRegion
 .text.HAL_SYSTICK_Callback
                0x08008ea0        0x4 ../../libDaisy//build\libdaisy.a(stm32h7xx_hal_cortex.o)
                0x08008ea0                HAL_SYSTICK_Callback
 .text.HAL_SYSTICK_IRQHandler
                0x08008ea4        0x8 ../../libDaisy//build\libdaisy.a(stm32h7xx_hal_cortex.o)
                0x08008ea4                HAL_SYSTICK_IRQHandler
 .text.HAL_DAC_Init
                0x08008eac       0x2c ../../libDaisy//build\libdaisy.a(stm32h7xx_hal_dac.o)
                0x08008eac                HAL_DAC_Init
 .text.HAL_DAC_Start_DMA
                0x08008ed8      0x118 ../../libDaisy//build\libdaisy.a(stm32h7xx_hal_dac.o)
                0x08008ed8                HAL_DAC_Start_DMA
 .text.HAL_DAC_Stop_DMA
                0x08008ff0       0x5c ../../libDaisy//build\libdaisy.a(stm32h7xx_hal_dac.o)
                0x08008ff0                HAL_DAC_Stop_DMA
 .text.DAC_DMAConvCpltCh1
                0x0800904c       0x10 ../../libDaisy//build\libdaisy.a(stm32h7xx_hal_dac.o)
 .text.DAC_DMAHalfConvCpltCh1
                0x0800905c        0xc ../../libDaisy//build\libdaisy.a(stm32h7xx_hal_dac.o)
 .text.HAL_DAC_ErrorCallbackCh1
                0x08009068        0x4 ../../libDaisy//build\libdaisy.a(stm32h7xx_hal_dac.o)
                0x08009068                HAL_DAC_ErrorCallbackCh1
 .text.DAC_DMAErrorCh1
                0x0800906c       0x18 ../../libDaisy//build\libdaisy.a(stm32h7xx_hal_dac.o)
 .text.HAL_DAC_DMAUnderrunCallbackCh1
                0x08009084        0x4 ../../libDaisy//build\libdaisy.a(stm32h7xx_hal_dac.o)
                0x08009084                HAL_DAC_DMAUnderrunCallbackCh1
 .text.HAL_DAC_IRQHandler
                0x08009088       0x68 ../../libDaisy//build\libdaisy.a(stm32h7xx_hal_dac.o)
                0x08009088                HAL_DAC_IRQHandler
 .text.HAL_DAC_ConfigChannel
                0x080090f0      0x130 ../../libDaisy//build\libdaisy.a(stm32h7xx_hal_dac.o)
                0x080090f0                HAL_DAC_ConfigChannel
 .text.HAL_DACEx_ErrorCallbackCh2
                0x08009220        0x4 ../../libDaisy//build\libdaisy.a(stm32h7xx_hal_dac_ex.o)
                0x08009220                HAL_DACEx_ErrorCallbackCh2
 .text.HAL_DACEx_DMAUnderrunCallbackCh2
                0x08009224        0x4 ../../libDaisy//build\libdaisy.a(stm32h7xx_hal_dac_ex.o)
                0x08009224                HAL_DACEx_DMAUnderrunCallbackCh2
 .text.DAC_DMAConvCpltCh2
                0x08009228       0x10 ../../libDaisy//build\libdaisy.a(stm32h7xx_hal_dac_ex.o)
                0x08009228                DAC_DMAConvCpltCh2
 .text.DAC_DMAHalfConvCpltCh2
                0x08009238        0xc ../../libDaisy//build\libdaisy.a(stm32h7xx_hal_dac_ex.o)
                0x08009238                DAC_DMAHalfConvCpltCh2
 .text.DAC_DMAErrorCh2
                0x08009244       0x18 ../../libDaisy//build\libdaisy.a(stm32h7xx_hal_dac_ex.o)
                0x08009244                DAC_DMAErrorCh2
 .text.DMA_CalcBaseAndBitshift
                0x0800925c       0xf4 ../../libDaisy//build\libdaisy.a(stm32h7xx_hal_dma.o)
 .text.DMA_CalcDMAMUXChannelBaseAndMask
                0x08009350       0xd8 ../../libDaisy//build\libdaisy.a(stm32h7xx_hal_dma.o)
 .text.HAL_DMA_Init
                0x08009428      0x37c ../../libDaisy//build\libdaisy.a(stm32h7xx_hal_dma.o)
                0x08009428                HAL_DMA_Init
 .text.HAL_DMA_Start_IT
                0x080097a4      0x240 ../../libDaisy//build\libdaisy.a(stm32h7xx_hal_dma.o)
                0x080097a4                HAL_DMA_Start_IT
 .text.HAL_DMA_Abort
                0x080099e4      0x21c ../../libDaisy//build\libdaisy.a(stm32h7xx_hal_dma.o)
                0x080099e4                HAL_DMA_Abort
 .text.HAL_DMA_Abort_IT
                0x08009c00      0x134 ../../libDaisy//build\libdaisy.a(stm32h7xx_hal_dma.o)
                0x08009c00                HAL_DMA_Abort_IT
 .text.HAL_DMA_IRQHandler
                0x08009d34      0x6a0 ../../libDaisy//build\libdaisy.a(stm32h7xx_hal_dma.o)
                0x08009d34                HAL_DMA_IRQHandler
 .text.HAL_DMA_GetError
                0x0800a3d4        0x4 ../../libDaisy//build\libdaisy.a(stm32h7xx_hal_dma.o)
                0x0800a3d4                HAL_DMA_GetError
 .text.HAL_GPIO_Init
                0x0800a3d8      0x280 ../../libDaisy//build\libdaisy.a(stm32h7xx_hal_gpio.o)
                0x0800a3d8                HAL_GPIO_Init
 .text.HAL_GPIO_DeInit
                0x0800a658      0x190 ../../libDaisy//build\libdaisy.a(stm32h7xx_hal_gpio.o)
                0x0800a658                HAL_GPIO_DeInit
 .text.HAL_GPIO_ReadPin
                0x0800a7e8        0xc ../../libDaisy//build\libdaisy.a(stm32h7xx_hal_gpio.o)
                0x0800a7e8                HAL_GPIO_ReadPin
 .text.HAL_GPIO_WritePin
                0x0800a7f4        0x8 ../../libDaisy//build\libdaisy.a(stm32h7xx_hal_gpio.o)
                0x0800a7f4                HAL_GPIO_WritePin
 .text.HAL_HCD_IRQHandler
                0x0800a7fc      0x780 ../../libDaisy//build\libdaisy.a(stm32h7xx_hal_hcd.o)
                0x0800a7fc                HAL_HCD_IRQHandler
 .text.HAL_HCD_Stop
                0x0800af7c       0x28 ../../libDaisy//build\libdaisy.a(stm32h7xx_hal_hcd.o)
                0x0800af7c                HAL_HCD_Stop
 .text.I2C_WaitOnTXISFlagUntilTimeout
                0x0800afa4       0xb8 ../../libDaisy//build\libdaisy.a(stm32h7xx_hal_i2c.o)
 .text.I2C_WaitOnSTOPFlagUntilTimeout
                0x0800b05c       0xac ../../libDaisy//build\libdaisy.a(stm32h7xx_hal_i2c.o)
 .text.HAL_I2C_Init
                0x0800b108       0xac ../../libDaisy//build\libdaisy.a(stm32h7xx_hal_i2c.o)
                0x0800b108                HAL_I2C_Init
 .text.HAL_I2C_Mem_Write
                0x0800b1b4      0x254 ../../libDaisy//build\libdaisy.a(stm32h7xx_hal_i2c.o)
                0x0800b1b4                HAL_I2C_Mem_Write
 .text.HAL_I2C_Mem_Read
                0x0800b408      0x29c ../../libDaisy//build\libdaisy.a(stm32h7xx_hal_i2c.o)
                0x0800b408                HAL_I2C_Mem_Read
 .text.HAL_I2C_EV_IRQHandler
                0x0800b6a4       0x10 ../../libDaisy//build\libdaisy.a(stm32h7xx_hal_i2c.o)
                0x0800b6a4                HAL_I2C_EV_IRQHandler
 .text.HAL_I2C_GetState
                0x0800b6b4        0x8 ../../libDaisy//build\libdaisy.a(stm32h7xx_hal_i2c.o)
                0x0800b6b4                HAL_I2C_GetState
 .text.HAL_I2CEx_ConfigAnalogFilter
                0x0800b6bc       0x54 ../../libDaisy//build\libdaisy.a(stm32h7xx_hal_i2c_ex.o)
                0x0800b6bc                HAL_I2CEx_ConfigAnalogFilter
 .text.HAL_I2CEx_ConfigDigitalFilter
                0x0800b710       0x58 ../../libDaisy//build\libdaisy.a(stm32h7xx_hal_i2c_ex.o)
                0x0800b710                HAL_I2CEx_ConfigDigitalFilter
 .text.HAL_PCD_IRQHandler
                0x0800b768      0x69c ../../libDaisy//build\libdaisy.a(stm32h7xx_hal_pcd.o)
                0x0800b768                HAL_PCD_IRQHandler
 .text.HAL_PCD_SetAddress
                0x0800be04       0x2c ../../libDaisy//build\libdaisy.a(stm32h7xx_hal_pcd.o)
                0x0800be04                HAL_PCD_SetAddress
 .text.HAL_PCD_EP_Open
                0x0800be30       0x7c ../../libDaisy//build\libdaisy.a(stm32h7xx_hal_pcd.o)
                0x0800be30                HAL_PCD_EP_Open
 .text.HAL_PCD_EP_Receive
                0x0800beac       0x50 ../../libDaisy//build\libdaisy.a(stm32h7xx_hal_pcd.o)
                0x0800beac                HAL_PCD_EP_Receive
 .text.HAL_PCD_EP_Transmit
                0x0800befc       0x50 ../../libDaisy//build\libdaisy.a(stm32h7xx_hal_pcd.o)
                0x0800befc                HAL_PCD_EP_Transmit
 .text.HAL_PCD_EP_SetStall
                0x0800bf4c       0x88 ../../libDaisy//build\libdaisy.a(stm32h7xx_hal_pcd.o)
                0x0800bf4c                HAL_PCD_EP_SetStall
 .text.HAL_PCD_EP_ClrStall
                0x0800bfd4       0x78 ../../libDaisy//build\libdaisy.a(stm32h7xx_hal_pcd.o)
                0x0800bfd4                HAL_PCD_EP_ClrStall
 .text.HAL_PCDEx_LPM_Callback
                0x0800c04c        0x4 ../../libDaisy//build\libdaisy.a(stm32h7xx_hal_pcd_ex.o)
                0x0800c04c                HAL_PCDEx_LPM_Callback
 .text.HAL_PWREx_ConfigSupply
                0x0800c050       0x4c ../../libDaisy//build\libdaisy.a(stm32h7xx_hal_pwr_ex.o)
                0x0800c050                HAL_PWREx_ConfigSupply
 .text.HAL_PWREx_EnableUSBVoltageDetector
                0x0800c09c       0x10 ../../libDaisy//build\libdaisy.a(stm32h7xx_hal_pwr_ex.o)
                0x0800c09c                HAL_PWREx_EnableUSBVoltageDetector
 .text.QSPI_Config
                0x0800c0ac      0x174 ../../libDaisy//build\libdaisy.a(stm32h7xx_hal_qspi.o)
 .text.HAL_QSPI_Init
                0x0800c220       0xd8 ../../libDaisy//build\libdaisy.a(stm32h7xx_hal_qspi.o)
                0x0800c220                HAL_QSPI_Init
 .text.HAL_QSPI_DeInit
                0x0800c2f8       0x3c ../../libDaisy//build\libdaisy.a(stm32h7xx_hal_qspi.o)
                0x0800c2f8                HAL_QSPI_DeInit
 .text.HAL_QSPI_Command
                0x0800c334       0xd4 ../../libDaisy//build\libdaisy.a(stm32h7xx_hal_qspi.o)
                0x0800c334                HAL_QSPI_Command
 .text.HAL_QSPI_Transmit
                0x0800c408       0xfc ../../libDaisy//build\libdaisy.a(stm32h7xx_hal_qspi.o)
                0x0800c408                HAL_QSPI_Transmit
 .text.HAL_QSPI_Receive
                0x0800c504      0x108 ../../libDaisy//build\libdaisy.a(stm32h7xx_hal_qspi.o)
                0x0800c504                HAL_QSPI_Receive
 .text.HAL_QSPI_AutoPolling
                0x0800c60c       0xf0 ../../libDaisy//build\libdaisy.a(stm32h7xx_hal_qspi.o)
                0x0800c60c                HAL_QSPI_AutoPolling
 .text.HAL_QSPI_MemoryMapped
                0x0800c6fc       0xc0 ../../libDaisy//build\libdaisy.a(stm32h7xx_hal_qspi.o)
                0x0800c6fc                HAL_QSPI_MemoryMapped
 .text.HAL_QSPI_ErrorCallback
                0x0800c7bc        0x4 ../../libDaisy//build\libdaisy.a(stm32h7xx_hal_qspi.o)
                0x0800c7bc                HAL_QSPI_ErrorCallback
 .text.QSPI_DMAAbortCplt
                0x0800c7c0       0x38 ../../libDaisy//build\libdaisy.a(stm32h7xx_hal_qspi.o)
 .text.HAL_QSPI_AbortCpltCallback
                0x0800c7f8        0x4 ../../libDaisy//build\libdaisy.a(stm32h7xx_hal_qspi.o)
                0x0800c7f8                HAL_QSPI_AbortCpltCallback
 .text.HAL_QSPI_CmdCpltCallback
                0x0800c7fc        0x4 ../../libDaisy//build\libdaisy.a(stm32h7xx_hal_qspi.o)
                0x0800c7fc                HAL_QSPI_CmdCpltCallback
 .text.HAL_QSPI_RxCpltCallback
                0x0800c800        0x4 ../../libDaisy//build\libdaisy.a(stm32h7xx_hal_qspi.o)
                0x0800c800                HAL_QSPI_RxCpltCallback
 .text.HAL_QSPI_TxCpltCallback
                0x0800c804        0x4 ../../libDaisy//build\libdaisy.a(stm32h7xx_hal_qspi.o)
                0x0800c804                HAL_QSPI_TxCpltCallback
 .text.HAL_QSPI_FifoThresholdCallback
                0x0800c808        0x4 ../../libDaisy//build\libdaisy.a(stm32h7xx_hal_qspi.o)
                0x0800c808                HAL_QSPI_FifoThresholdCallback
 .text.HAL_QSPI_StatusMatchCallback
                0x0800c80c        0x4 ../../libDaisy//build\libdaisy.a(stm32h7xx_hal_qspi.o)
                0x0800c80c                HAL_QSPI_StatusMatchCallback
 .text.HAL_QSPI_TimeOutCallback
                0x0800c810        0x4 ../../libDaisy//build\libdaisy.a(stm32h7xx_hal_qspi.o)
                0x0800c810                HAL_QSPI_TimeOutCallback
 .text.HAL_QSPI_IRQHandler
                0x0800c814      0x210 ../../libDaisy//build\libdaisy.a(stm32h7xx_hal_qspi.o)
                0x0800c814                HAL_QSPI_IRQHandler
 .text.HAL_RCC_OscConfig
                0x0800ca24      0x51c ../../libDaisy//build\libdaisy.a(stm32h7xx_hal_rcc.o)
                0x0800ca24                HAL_RCC_OscConfig
 .text.HAL_RCC_GetSysClockFreq
                0x0800cf40      0x140 ../../libDaisy//build\libdaisy.a(stm32h7xx_hal_rcc.o)
                0x0800cf40                HAL_RCC_GetSysClockFreq
 .text.HAL_RCC_ClockConfig
                0x0800d080      0x234 ../../libDaisy//build\libdaisy.a(stm32h7xx_hal_rcc.o)
                0x0800d080                HAL_RCC_ClockConfig
 .text.HAL_RCC_GetHCLKFreq
                0x0800d2b4       0x2c ../../libDaisy//build\libdaisy.a(stm32h7xx_hal_rcc.o)
                0x0800d2b4                HAL_RCC_GetHCLKFreq
 .text.HAL_RCC_GetPCLK1Freq
                0x0800d2e0       0x38 ../../libDaisy//build\libdaisy.a(stm32h7xx_hal_rcc.o)
                0x0800d2e0                HAL_RCC_GetPCLK1Freq
 .text.HAL_RCC_GetPCLK2Freq
                0x0800d318       0x38 ../../libDaisy//build\libdaisy.a(stm32h7xx_hal_rcc.o)
                0x0800d318                HAL_RCC_GetPCLK2Freq
 .text.RCCEx_PLL2_Config
                0x0800d350       0xf4 ../../libDaisy//build\libdaisy.a(stm32h7xx_hal_rcc_ex.o)
 .text.RCCEx_PLL3_Config
                0x0800d444       0xf4 ../../libDaisy//build\libdaisy.a(stm32h7xx_hal_rcc_ex.o)
 .text.HAL_RCCEx_PeriphCLKConfig
                0x0800d538      0xa7c ../../libDaisy//build\libdaisy.a(stm32h7xx_hal_rcc_ex.o)
                0x0800d538                HAL_RCCEx_PeriphCLKConfig
 .text.HAL_RCCEx_GetD3PCLK1Freq
                0x0800dfb4       0x24 ../../libDaisy//build\libdaisy.a(stm32h7xx_hal_rcc_ex.o)
                0x0800dfb4                HAL_RCCEx_GetD3PCLK1Freq
 .text.HAL_RCCEx_GetPLL2ClockFreq
                0x0800dfd8      0x17c ../../libDaisy//build\libdaisy.a(stm32h7xx_hal_rcc_ex.o)
                0x0800dfd8                HAL_RCCEx_GetPLL2ClockFreq
 .text.HAL_RCCEx_GetPLL3ClockFreq
                0x0800e154      0x17c ../../libDaisy//build\libdaisy.a(stm32h7xx_hal_rcc_ex.o)
                0x0800e154                HAL_RCCEx_GetPLL3ClockFreq
 .text.HAL_RCCEx_GetPLL1ClockFreq
                0x0800e2d0      0x17c ../../libDaisy//build\libdaisy.a(stm32h7xx_hal_rcc_ex.o)
                0x0800e2d0                HAL_RCCEx_GetPLL1ClockFreq
 .text.HAL_RCCEx_GetPeriphCLKFreq
                0x0800e44c      0x198 ../../libDaisy//build\libdaisy.a(stm32h7xx_hal_rcc_ex.o)
                0x0800e44c                HAL_RCCEx_GetPeriphCLKFreq
 .text.HAL_RCCEx_GetD1SysClockFreq
                0x0800e5e4       0x2c ../../libDaisy//build\libdaisy.a(stm32h7xx_hal_rcc_ex.o)
                0x0800e5e4                HAL_RCCEx_GetD1SysClockFreq
 .text.HAL_SAI_Init.part.0
                0x0800e610      0x348 ../../libDaisy//build\libdaisy.a(stm32h7xx_hal_sai.o)
 .text.HAL_SAI_InitProtocol
                0x0800e958      0x178 ../../libDaisy//build\libdaisy.a(stm32h7xx_hal_sai.o)
                0x0800e958                HAL_SAI_InitProtocol
 .text.HAL_SAI_Transmit_DMA
                0x0800ead0      0x124 ../../libDaisy//build\libdaisy.a(stm32h7xx_hal_sai.o)
                0x0800ead0                HAL_SAI_Transmit_DMA
 .text.HAL_SAI_Receive_DMA
                0x0800ebf4       0xd0 ../../libDaisy//build\libdaisy.a(stm32h7xx_hal_sai.o)
                0x0800ebf4                HAL_SAI_Receive_DMA
 .text.HAL_SAI_TxCpltCallback
                0x0800ecc4        0x4 ../../libDaisy//build\libdaisy.a(stm32h7xx_hal_sai.o)
                0x0800ecc4                HAL_SAI_TxCpltCallback
 .text.SAI_DMATxCplt
                0x0800ecc8       0x64 ../../libDaisy//build\libdaisy.a(stm32h7xx_hal_sai.o)
 .text.HAL_SAI_TxHalfCpltCallback
                0x0800ed2c        0x4 ../../libDaisy//build\libdaisy.a(stm32h7xx_hal_sai.o)
                0x0800ed2c                HAL_SAI_TxHalfCpltCallback
 .text.SAI_DMATxHalfCplt
                0x0800ed30        0xc ../../libDaisy//build\libdaisy.a(stm32h7xx_hal_sai.o)
 .text.SAI_DMARxCplt
                0x0800ed3c       0x64 ../../libDaisy//build\libdaisy.a(stm32h7xx_hal_sai.o)
 .text.SAI_DMARxHalfCplt
                0x0800eda0        0xc ../../libDaisy//build\libdaisy.a(stm32h7xx_hal_sai.o)
 .text.HAL_SAI_ErrorCallback
                0x0800edac        0x4 ../../libDaisy//build\libdaisy.a(stm32h7xx_hal_sai.o)
                0x0800edac                HAL_SAI_ErrorCallback
 .text.SAI_DMAError
                0x0800edb0       0x6c ../../libDaisy//build\libdaisy.a(stm32h7xx_hal_sai.o)
 .text.HAL_SDRAM_Init
                0x0800ee1c       0x54 ../../libDaisy//build\libdaisy.a(stm32h7xx_hal_sdram.o)
                0x0800ee1c                HAL_SDRAM_Init
 .text.HAL_SDRAM_SendCommand
                0x0800ee70       0x40 ../../libDaisy//build\libdaisy.a(stm32h7xx_hal_sdram.o)
                0x0800ee70                HAL_SDRAM_SendCommand
 .text.HAL_SDRAM_ProgramRefreshRate
                0x0800eeb0       0x30 ../../libDaisy//build\libdaisy.a(stm32h7xx_hal_sdram.o)
                0x0800eeb0                HAL_SDRAM_ProgramRefreshRate
 .text.SPI_CloseTransfer
                0x0800eee0       0xb8 ../../libDaisy//build\libdaisy.a(stm32h7xx_hal_spi.o)
 .text.HAL_SPI_Init
                0x0800ef98      0x15c ../../libDaisy//build\libdaisy.a(stm32h7xx_hal_spi.o)
                0x0800ef98                HAL_SPI_Init
 .text.HAL_SPI_Transmit
                0x0800f0f4      0x314 ../../libDaisy//build\libdaisy.a(stm32h7xx_hal_spi.o)
                0x0800f0f4                HAL_SPI_Transmit
 .text.HAL_SPI_Transmit_DMA
                0x0800f408      0x170 ../../libDaisy//build\libdaisy.a(stm32h7xx_hal_spi.o)
                0x0800f408                HAL_SPI_Transmit_DMA
 .text.HAL_SPI_TransmitReceive_DMA
                0x0800f578      0x218 ../../libDaisy//build\libdaisy.a(stm32h7xx_hal_spi.o)
                0x0800f578                HAL_SPI_TransmitReceive_DMA
 .text.HAL_SPI_Receive_DMA
                0x0800f790      0x1b4 ../../libDaisy//build\libdaisy.a(stm32h7xx_hal_spi.o)
                0x0800f790                HAL_SPI_Receive_DMA
 .text.SPI_DMATransmitCplt
                0x0800f944       0x28 ../../libDaisy//build\libdaisy.a(stm32h7xx_hal_spi.o)
 .text.SPI_DMAReceiveCplt
                0x0800f96c       0x28 ../../libDaisy//build\libdaisy.a(stm32h7xx_hal_spi.o)
 .text.SPI_DMATransmitReceiveCplt
                0x0800f994       0x28 ../../libDaisy//build\libdaisy.a(stm32h7xx_hal_spi.o)
 .text.HAL_SPI_TxHalfCpltCallback
                0x0800f9bc        0x4 ../../libDaisy//build\libdaisy.a(stm32h7xx_hal_spi.o)
                0x0800f9bc                HAL_SPI_TxHalfCpltCallback
 .text.SPI_DMAHalfTransmitCplt
                0x0800f9c0        0xc ../../libDaisy//build\libdaisy.a(stm32h7xx_hal_spi.o)
 .text.HAL_SPI_RxHalfCpltCallback
                0x0800f9cc        0x4 ../../libDaisy//build\libdaisy.a(stm32h7xx_hal_spi.o)
                0x0800f9cc                HAL_SPI_RxHalfCpltCallback
 .text.SPI_DMAHalfReceiveCplt
                0x0800f9d0        0xc ../../libDaisy//build\libdaisy.a(stm32h7xx_hal_spi.o)
 .text.HAL_SPI_TxRxHalfCpltCallback
                0x0800f9dc        0x4 ../../libDaisy//build\libdaisy.a(stm32h7xx_hal_spi.o)
                0x0800f9dc                HAL_SPI_TxRxHalfCpltCallback
 .text.SPI_DMAHalfTransmitReceiveCplt
                0x0800f9e0        0xc ../../libDaisy//build\libdaisy.a(stm32h7xx_hal_spi.o)
 .text.SPI_DMAError
                0x0800f9ec       0xd8 ../../libDaisy//build\libdaisy.a(stm32h7xx_hal_spi.o)
 .text.HAL_SPI_IRQHandler
                0x0800fac4      0x23c ../../libDaisy//build\libdaisy.a(stm32h7xx_hal_spi.o)
                0x0800fac4                HAL_SPI_IRQHandler
 .text.SPI_DMAAbortOnError
                0x0800fd00       0x1c ../../libDaisy//build\libdaisy.a(stm32h7xx_hal_spi.o)
 .text.HAL_SPI_GetState
                0x0800fd1c        0x8 ../../libDaisy//build\libdaisy.a(stm32h7xx_hal_spi.o)
                0x0800fd1c                HAL_SPI_GetState
 .text.HAL_TIM_Base_Init
                0x0800fd24      0x140 ../../libDaisy//build\libdaisy.a(stm32h7xx_hal_tim.o)
                0x0800fd24                HAL_TIM_Base_Init
 .text.HAL_TIM_Base_Start
                0x0800fe64       0x34 ../../libDaisy//build\libdaisy.a(stm32h7xx_hal_tim.o)
                0x0800fe64                HAL_TIM_Base_Start
 .text.HAL_TIM_Base_Start_IT
                0x0800fe98       0x2c ../../libDaisy//build\libdaisy.a(stm32h7xx_hal_tim.o)
                0x0800fe98                HAL_TIM_Base_Start_IT
 .text.HAL_TIM_ConfigClockSource
                0x0800fec4      0x17c ../../libDaisy//build\libdaisy.a(stm32h7xx_hal_tim.o)
                0x0800fec4                HAL_TIM_ConfigClockSource
 .text.HAL_TIM_OC_DelayElapsedCallback
                0x08010040        0x4 ../../libDaisy//build\libdaisy.a(stm32h7xx_hal_tim.o)
                0x08010040                HAL_TIM_OC_DelayElapsedCallback
 .text.HAL_TIM_IC_CaptureCallback
                0x08010044        0x4 ../../libDaisy//build\libdaisy.a(stm32h7xx_hal_tim.o)
                0x08010044                HAL_TIM_IC_CaptureCallback
 .text.HAL_TIM_PWM_PulseFinishedCallback
                0x08010048        0x4 ../../libDaisy//build\libdaisy.a(stm32h7xx_hal_tim.o)
                0x08010048                HAL_TIM_PWM_PulseFinishedCallback
 .text.HAL_TIM_TriggerCallback
                0x0801004c        0x4 ../../libDaisy//build\libdaisy.a(stm32h7xx_hal_tim.o)
                0x0801004c                HAL_TIM_TriggerCallback
 .text.HAL_TIM_IRQHandler
                0x08010050      0x170 ../../libDaisy//build\libdaisy.a(stm32h7xx_hal_tim.o)
                0x08010050                HAL_TIM_IRQHandler
 .text.HAL_TIMEx_MasterConfigSynchronization
                0x080101c0       0x64 ../../libDaisy//build\libdaisy.a(stm32h7xx_hal_tim_ex.o)
                0x080101c0                HAL_TIMEx_MasterConfigSynchronization
 .text.HAL_TIMEx_CommutCallback
                0x08010224        0x4 ../../libDaisy//build\libdaisy.a(stm32h7xx_hal_tim_ex.o)
                0x08010224                HAL_TIMEx_CommutCallback
 .text.HAL_TIMEx_BreakCallback
                0x08010228        0x4 ../../libDaisy//build\libdaisy.a(stm32h7xx_hal_tim_ex.o)
                0x08010228                HAL_TIMEx_BreakCallback
 .text.HAL_TIMEx_Break2Callback
                0x0801022c        0x4 ../../libDaisy//build\libdaisy.a(stm32h7xx_hal_tim_ex.o)
                0x0801022c                HAL_TIMEx_Break2Callback
 .text.FMC_SDRAM_Init
                0x08010230       0x7c ../../libDaisy//build\libdaisy.a(stm32h7xx_ll_fmc.o)
                0x08010230                FMC_SDRAM_Init
 .text.FMC_SDRAM_Timing_Init
                0x080102ac       0x98 ../../libDaisy//build\libdaisy.a(stm32h7xx_ll_fmc.o)
                0x080102ac                FMC_SDRAM_Timing_Init
 .text.FMC_SDRAM_SendCommand
                0x08010344       0x28 ../../libDaisy//build\libdaisy.a(stm32h7xx_ll_fmc.o)
                0x08010344                FMC_SDRAM_SendCommand
 .text.FMC_SDRAM_ProgramRefreshRate
                0x0801036c       0x1c ../../libDaisy//build\libdaisy.a(stm32h7xx_ll_fmc.o)
                0x0801036c                FMC_SDRAM_ProgramRefreshRate
 .text.USB_SetTurnaroundTime
                0x08010388      0x104 ../../libDaisy//build\libdaisy.a(stm32h7xx_ll_usb.o)
                0x08010388                USB_SetTurnaroundTime
 .text.USB_FlushTxFifo
                0x0801048c       0x34 ../../libDaisy//build\libdaisy.a(stm32h7xx_ll_usb.o)
                0x0801048c                USB_FlushTxFifo
 .text.USB_GetDevSpeed
                0x080104c0       0x24 ../../libDaisy//build\libdaisy.a(stm32h7xx_ll_usb.o)
                0x080104c0                USB_GetDevSpeed
 .text.USB_ActivateEndpoint
                0x080104e4       0x90 ../../libDaisy//build\libdaisy.a(stm32h7xx_ll_usb.o)
                0x080104e4                USB_ActivateEndpoint
 .text.USB_EPStartXfer
                0x08010574      0x230 ../../libDaisy//build\libdaisy.a(stm32h7xx_ll_usb.o)
                0x08010574                USB_EPStartXfer
 .text.USB_EP0StartXfer
                0x080107a4      0x174 ../../libDaisy//build\libdaisy.a(stm32h7xx_ll_usb.o)
                0x080107a4                USB_EP0StartXfer
 .text.USB_WritePacket
                0x08010918       0x2c ../../libDaisy//build\libdaisy.a(stm32h7xx_ll_usb.o)
                0x08010918                USB_WritePacket
 .text.USB_ReadPacket
                0x08010944       0x20 ../../libDaisy//build\libdaisy.a(stm32h7xx_ll_usb.o)
                0x08010944                USB_ReadPacket
 .text.USB_EPSetStall
                0x08010964       0x68 ../../libDaisy//build\libdaisy.a(stm32h7xx_ll_usb.o)
                0x08010964                USB_EPSetStall
 .text.USB_EPClearStall
                0x080109cc       0x58 ../../libDaisy//build\libdaisy.a(stm32h7xx_ll_usb.o)
                0x080109cc                USB_EPClearStall
 .text.USB_SetDevAddress
                0x08010a24       0x24 ../../libDaisy//build\libdaisy.a(stm32h7xx_ll_usb.o)
                0x08010a24                USB_SetDevAddress
 .text.USB_ReadInterrupts
                0x08010a48       0x14 ../../libDaisy//build\libdaisy.a(stm32h7xx_ll_usb.o)
                0x08010a48                USB_ReadInterrupts
 .text.USB_ReadDevAllOutEpInterrupt
                0x08010a5c       0x1c ../../libDaisy//build\libdaisy.a(stm32h7xx_ll_usb.o)
                0x08010a5c                USB_ReadDevAllOutEpInterrupt
 .text.USB_ReadDevAllInEpInterrupt
                0x08010a78       0x1c ../../libDaisy//build\libdaisy.a(stm32h7xx_ll_usb.o)
                0x08010a78                USB_ReadDevAllInEpInterrupt
 .text.USB_ReadDevOutEPInterrupt
                0x08010a94       0x1c ../../libDaisy//build\libdaisy.a(stm32h7xx_ll_usb.o)
                0x08010a94                USB_ReadDevOutEPInterrupt
 .text.USB_ReadDevInEPInterrupt
                0x08010ab0       0x38 ../../libDaisy//build\libdaisy.a(stm32h7xx_ll_usb.o)
                0x08010ab0                USB_ReadDevInEPInterrupt
 .text.USB_GetMode
                0x08010ae8        0x8 ../../libDaisy//build\libdaisy.a(stm32h7xx_ll_usb.o)
                0x08010ae8                USB_GetMode
 .text.USB_ActivateSetup
                0x08010af0       0x38 ../../libDaisy//build\libdaisy.a(stm32h7xx_ll_usb.o)
                0x08010af0                USB_ActivateSetup
 .text.USB_EP0_OutStart
                0x08010b28       0x58 ../../libDaisy//build\libdaisy.a(stm32h7xx_ll_usb.o)
                0x08010b28                USB_EP0_OutStart
 .text.USB_InitFSLSPClkSel
                0x08010b80       0x44 ../../libDaisy//build\libdaisy.a(stm32h7xx_ll_usb.o)
                0x08010b80                USB_InitFSLSPClkSel
 .text.USB_HC_ReadInterrupt
                0x08010bc4        0x8 ../../libDaisy//build\libdaisy.a(stm32h7xx_ll_usb.o)
                0x08010bc4                USB_HC_ReadInterrupt
 .text.USB_HC_Halt
                0x08010bcc       0xc0 ../../libDaisy//build\libdaisy.a(stm32h7xx_ll_usb.o)
                0x08010bcc                USB_HC_Halt
 .text.USB_StopHost
                0x08010c8c      0x2ec ../../libDaisy//build\libdaisy.a(stm32h7xx_ll_usb.o)
                0x08010c8c                USB_StopHost
 .text.USBD_SetClassConfig
                0x08010f78       0x14 ../../libDaisy//build\libdaisy.a(usbd_core.o)
                0x08010f78                USBD_SetClassConfig
 .text.USBD_ClrClassConfig
                0x08010f8c       0x10 ../../libDaisy//build\libdaisy.a(usbd_core.o)
                0x08010f8c                USBD_ClrClassConfig
 .text.USBD_LL_SetupStage
                0x08010f9c       0x5c ../../libDaisy//build\libdaisy.a(usbd_core.o)
                0x08010f9c                USBD_LL_SetupStage
 .text.USBD_LL_DataOutStage
                0x08010ff8       0x7c ../../libDaisy//build\libdaisy.a(usbd_core.o)
                0x08010ff8                USBD_LL_DataOutStage
 .text.USBD_LL_DataInStage
                0x08011074       0xcc ../../libDaisy//build\libdaisy.a(usbd_core.o)
                0x08011074                USBD_LL_DataInStage
 .text.USBD_LL_Reset
                0x08011140       0x50 ../../libDaisy//build\libdaisy.a(usbd_core.o)
                0x08011140                USBD_LL_Reset
 .text.USBD_LL_SetSpeed
                0x08011190        0x8 ../../libDaisy//build\libdaisy.a(usbd_core.o)
                0x08011190                USBD_LL_SetSpeed
 .text.USBD_LL_Suspend
                0x08011198       0x14 ../../libDaisy//build\libdaisy.a(usbd_core.o)
                0x08011198                USBD_LL_Suspend
 .text.USBD_LL_Resume
                0x080111ac       0x10 ../../libDaisy//build\libdaisy.a(usbd_core.o)
                0x080111ac                USBD_LL_Resume
 .text.USBD_LL_SOF
                0x080111bc       0x1c ../../libDaisy//build\libdaisy.a(usbd_core.o)
                0x080111bc                USBD_LL_SOF
 .text.USBD_LL_IsoINIncomplete
                0x080111d8        0x4 ../../libDaisy//build\libdaisy.a(usbd_core.o)
                0x080111d8                USBD_LL_IsoINIncomplete
 .text.USBD_LL_IsoOUTIncomplete
                0x080111dc        0x4 ../../libDaisy//build\libdaisy.a(usbd_core.o)
                0x080111dc                USBD_LL_IsoOUTIncomplete
 .text.USBD_LL_DevConnected
                0x080111e0        0x4 ../../libDaisy//build\libdaisy.a(usbd_core.o)
                0x080111e0                USBD_LL_DevConnected
 .text.USBD_LL_DevDisconnected
                0x080111e4       0x18 ../../libDaisy//build\libdaisy.a(usbd_core.o)
                0x080111e4                USBD_LL_DevDisconnected
 .text.USBD_StdDevReq
                0x080111fc      0x304 ../../libDaisy//build\libdaisy.a(usbd_ctlreq.o)
                0x080111fc                USBD_StdDevReq
 .text.USBD_StdItfReq
                0x08011500       0x68 ../../libDaisy//build\libdaisy.a(usbd_ctlreq.o)
                0x08011500                USBD_StdItfReq
 .text.USBD_StdEPReq
                0x08011568      0x13c ../../libDaisy//build\libdaisy.a(usbd_ctlreq.o)
                0x08011568                USBD_StdEPReq
 .text.USBD_ParseSetupRequest
                0x080116a4       0x28 ../../libDaisy//build\libdaisy.a(usbd_ctlreq.o)
                0x080116a4                USBD_ParseSetupRequest
 .text.USBD_CtlSendData
                0x080116cc       0x1c ../../libDaisy//build\libdaisy.a(usbd_ioreq.o)
                0x080116cc                USBD_CtlSendData
 .text.USBD_CtlContinueSendData
                0x080116e8       0x14 ../../libDaisy//build\libdaisy.a(usbd_ioreq.o)
                0x080116e8                USBD_CtlContinueSendData
 .text.USBD_CtlContinueRx
                0x080116fc       0x14 ../../libDaisy//build\libdaisy.a(usbd_ioreq.o)
                0x080116fc                USBD_CtlContinueRx
 .text.USBD_CtlSendStatus
                0x08011710       0x18 ../../libDaisy//build\libdaisy.a(usbd_ioreq.o)
                0x08011710                USBD_CtlSendStatus
 .text.USBD_CtlReceiveStatus
                0x08011728       0x18 ../../libDaisy//build\libdaisy.a(usbd_ioreq.o)
                0x08011728                USBD_CtlReceiveStatus
 .text.USBH_LL_IncTimer
                0x08011740       0x20 ../../libDaisy//build\libdaisy.a(usbh_core.o)
                0x08011740                USBH_LL_IncTimer
 .text.USBH_LL_PortEnabled
                0x08011760        0x8 ../../libDaisy//build\libdaisy.a(usbh_core.o)
                0x08011760                USBH_LL_PortEnabled
 .text.USBH_LL_PortDisabled
                0x08011768        0x8 ../../libDaisy//build\libdaisy.a(usbh_core.o)
                0x08011768                USBH_LL_PortDisabled
 .text.USBH_LL_Connect
                0x08011770       0x18 ../../libDaisy//build\libdaisy.a(usbh_core.o)
                0x08011770                USBH_LL_Connect
 .text.USBH_LL_Disconnect
                0x08011788       0x2c ../../libDaisy//build\libdaisy.a(usbh_core.o)
                0x08011788                USBH_LL_Disconnect
 .text.USBH_FreePipe
                0x080117b4       0x18 ../../libDaisy//build\libdaisy.a(usbh_pipes.o)
                0x080117b4                USBH_FreePipe
 .text._ZN5daisy6Random4InitEv
                0x080117cc       0x3c ../../libDaisy//build\libdaisy.a(rng.o)
                0x080117cc                daisy::Random::Init()
 .text.HAL_TIM_Base_MspInit
                0x08011808      0x1e0 ../../libDaisy//build\libdaisy.a(tim.o)
                0x08011808                HAL_TIM_Base_MspInit
 .text.HAL_TIM_PeriodElapsedCallback
                0x080119e8       0x44 ../../libDaisy//build\libdaisy.a(tim.o)
                0x080119e8                HAL_TIM_PeriodElapsedCallback
 .text.TIM2_IRQHandler
                0x08011a2c        0xc ../../libDaisy//build\libdaisy.a(tim.o)
                0x08011a2c                TIM2_IRQHandler
 .text.TIM3_IRQHandler
                0x08011a38        0xc ../../libDaisy//build\libdaisy.a(tim.o)
                0x08011a38                TIM3_IRQHandler
 .text.TIM4_IRQHandler
                0x08011a44        0xc ../../libDaisy//build\libdaisy.a(tim.o)
                0x08011a44                TIM4_IRQHandler
 .text.TIM5_IRQHandler
                0x08011a50        0xc ../../libDaisy//build\libdaisy.a(tim.o)
                0x08011a50                TIM5_IRQHandler
 .text._ZN5daisy11TimerHandle4InitERKNS0_6ConfigE
                0x08011a5c       0xd0 ../../libDaisy//build\libdaisy.a(tim.o)
                0x08011a5c                daisy::TimerHandle::Init(daisy::TimerHandle::Config const&)
 .text._ZN5daisy11TimerHandle5StartEv
                0x08011b2c       0x24 ../../libDaisy//build\libdaisy.a(tim.o)
                0x08011b2c                daisy::TimerHandle::Start()
 .text._ZN5daisy11TimerHandle5GetUsEv
                0x08011b50       0x2c ../../libDaisy//build\libdaisy.a(tim.o)
                0x08011b50                daisy::TimerHandle::GetUs()
 .text.startup._GLOBAL__sub_I__ZN5daisy11TimerHandle4Impl4InitERKNS0_6ConfigE
                0x08011b7c       0x38 ../../libDaisy//build\libdaisy.a(tim.o)
 .text._ZL20UART_CheckRxListenerPN5daisy11UartHandler4ImplE
                0x08011bb4       0x84 ../../libDaisy//build\libdaisy.a(uart.o)
 .text._ZN5daisy11UartHandler4Impl10StartDmaTxEPhjPFvPvEPFvS3_NS0_6ResultEES3_
                0x08011c38      0x184 ../../libDaisy//build\libdaisy.a(uart.o)
                0x08011c38                daisy::UartHandler::Impl::StartDmaTx(unsigned char*, unsigned int, void (*)(void*), void (*)(void*, daisy::UartHandler::Result), void*)
 .text._ZN5daisy11UartHandler4Impl10StartDmaRxEPhjPFvPvEPFvS3_NS0_6ResultEES3_
                0x08011dbc      0x184 ../../libDaisy//build\libdaisy.a(uart.o)
                0x08011dbc                daisy::UartHandler::Impl::StartDmaRx(unsigned char*, unsigned int, void (*)(void*), void (*)(void*, daisy::UartHandler::Result), void*)
 .text._ZN5daisy11UartHandler4Impl19DmaTransferFinishedEP20__UART_HandleTypeDefNS0_6ResultE
                0x08011f40       0xc0 ../../libDaisy//build\libdaisy.a(uart.o)
                0x08011f40                daisy::UartHandler::Impl::DmaTransferFinished(__UART_HandleTypeDef*, daisy::UartHandler::Result)
 .text._ZN5daisy11UartHandler4Impl8InitPinsEv
                0x08012000      0x154 ../../libDaisy//build\libdaisy.a(uart.o)
                0x08012000                daisy::UartHandler::Impl::InitPins()
 .text.HAL_UART_MspInit
                0x08012154      0x210 ../../libDaisy//build\libdaisy.a(uart.o)
                0x08012154                HAL_UART_MspInit
 .text.dsy_uart_global_init
                0x08012364      0x110 ../../libDaisy//build\libdaisy.a(uart.o)
                0x08012364                dsy_uart_global_init
 .text.USART1_IRQHandler
                0x08012474       0x2c ../../libDaisy//build\libdaisy.a(uart.o)
                0x08012474                USART1_IRQHandler
 .text.USART2_IRQHandler
                0x080124a0       0x34 ../../libDaisy//build\libdaisy.a(uart.o)
                0x080124a0                USART2_IRQHandler
 .text.USART3_IRQHandler
                0x080124d4       0x34 ../../libDaisy//build\libdaisy.a(uart.o)
                0x080124d4                USART3_IRQHandler
 .text.UART4_IRQHandler
                0x08012508       0x34 ../../libDaisy//build\libdaisy.a(uart.o)
                0x08012508                UART4_IRQHandler
 .text.UART5_IRQHandler
                0x0801253c       0x34 ../../libDaisy//build\libdaisy.a(uart.o)
                0x0801253c                UART5_IRQHandler
 .text.USART6_IRQHandler
                0x08012570       0x34 ../../libDaisy//build\libdaisy.a(uart.o)
                0x08012570                USART6_IRQHandler
 .text.UART7_IRQHandler
                0x080125a4       0x34 ../../libDaisy//build\libdaisy.a(uart.o)
                0x080125a4                UART7_IRQHandler
 .text.UART8_IRQHandler
                0x080125d8       0x34 ../../libDaisy//build\libdaisy.a(uart.o)
                0x080125d8                UART8_IRQHandler
 .text.LPUART1_IRQHandler
                0x0801260c       0x34 ../../libDaisy//build\libdaisy.a(uart.o)
                0x0801260c                LPUART1_IRQHandler
 .text.DMA1_Stream5_IRQHandler
                0x08012640       0x34 ../../libDaisy//build\libdaisy.a(uart.o)
                0x08012640                DMA1_Stream5_IRQHandler
 .text.DMA2_Stream4_IRQHandler
                0x08012674       0x38 ../../libDaisy//build\libdaisy.a(uart.o)
                0x08012674                DMA2_Stream4_IRQHandler
 .text.HAL_UART_TxCpltCallback
                0x080126ac        0x8 ../../libDaisy//build\libdaisy.a(uart.o)
                0x080126ac                HAL_UART_TxCpltCallback
 .text.HAL_UART_RxCpltCallback
                0x080126b4       0x94 ../../libDaisy//build\libdaisy.a(uart.o)
                0x080126b4                HAL_UART_RxCpltCallback
 .text.HAL_UART_RxHalfCpltCallback
                0x08012748       0x90 ../../libDaisy//build\libdaisy.a(uart.o)
                0x08012748                HAL_UART_RxHalfCpltCallback
 .text.HAL_UART_ErrorCallback
                0x080127d8        0x8 ../../libDaisy//build\libdaisy.a(uart.o)
                0x080127d8                HAL_UART_ErrorCallback
 .text.startup._GLOBAL__sub_I__Z19MapInstanceToHandleP13USART_TypeDef
                0x080127e0      0x194 ../../libDaisy//build\libdaisy.a(uart.o)
 .text.dsy_dma_init
                0x08012974      0x100 ../../libDaisy//build\libdaisy.a(dma.o)
                0x08012974                dsy_dma_init
 .text.dsy_dma_invalidate_cache_for_buffer
                0x08012a74       0x2c ../../libDaisy//build\libdaisy.a(dma.o)
                0x08012a74                dsy_dma_invalidate_cache_for_buffer
 .text.HAL_MDMA_Abort_IT
                0x08012aa0       0x2c ../../libDaisy//build\libdaisy.a(stm32h7xx_hal_mdma.o)
                0x08012aa0                HAL_MDMA_Abort_IT
 .text.HAL_UART_Transmit_DMA
                0x08012acc       0xa4 ../../libDaisy//build\libdaisy.a(stm32h7xx_hal_uart.o)
                0x08012acc                HAL_UART_Transmit_DMA
 .text.HAL_UART_Receive_DMA
                0x08012b70       0xac ../../libDaisy//build\libdaisy.a(stm32h7xx_hal_uart.o)
                0x08012b70                HAL_UART_Receive_DMA
 .text.UART_DMATransmitCplt
                0x08012c1c       0x2c ../../libDaisy//build\libdaisy.a(stm32h7xx_hal_uart.o)
 .text.HAL_UART_TxHalfCpltCallback
                0x08012c48        0x4 ../../libDaisy//build\libdaisy.a(stm32h7xx_hal_uart.o)
                0x08012c48                HAL_UART_TxHalfCpltCallback
 .text.UART_DMATxHalfCplt